
scheduler.elf:     file format elf32-littlearm


Disassembly of section .vectors:

00000000 <vector_table>:
   0:	20008000 			@ <UNDEFINED> instruction: 20008000
   4:	00000041 			@ <UNDEFINED> instruction: 00000041
   8:	00000271 			@ <UNDEFINED> instruction: 00000271
   c:	0000027b 			@ <UNDEFINED> instruction: 0000027b
	...
  2c:	00000285 			@ <UNDEFINED> instruction: 00000285
	...
  38:	000002a5 			@ <UNDEFINED> instruction: 000002a5
  3c:	0000028f 			@ <UNDEFINED> instruction: 0000028f

Disassembly of section .text:

00000040 <reset_handler>:
.section .text
.thumb
.thumb_func

reset_handler:
    b main
  40:	e0aa      	b.n	198 <main>
    b .
  42:	e7fe      	b.n	42 <reset_handler+0x2>

00000044 <task1>:
uint32_t task1Data = 0;
uint32_t task2Data = 0;
uint32_t task3Data = 0;

// Task 1
void task1() {
  44:	b580      	push	{r7, lr}
  46:	af00      	add	r7, sp, #0
    while(1) {
        task1Data += 1;
  48:	4b02      	ldr	r3, [pc, #8]	@ (54 <task1+0x10>)
  4a:	681b      	ldr	r3, [r3, #0]
  4c:	1c5a      	adds	r2, r3, #1
  4e:	4b01      	ldr	r3, [pc, #4]	@ (54 <task1+0x10>)
  50:	601a      	str	r2, [r3, #0]
  52:	e7f9      	b.n	48 <task1+0x4>
  54:	20000004 			@ <UNDEFINED> instruction: 20000004

00000058 <task2>:
    }
}

// Task 2
void task2() {
  58:	b580      	push	{r7, lr}
  5a:	af00      	add	r7, sp, #0
    while(1) {
        task2Data += 1;
  5c:	4b02      	ldr	r3, [pc, #8]	@ (68 <task2+0x10>)
  5e:	681b      	ldr	r3, [r3, #0]
  60:	1c5a      	adds	r2, r3, #1
  62:	4b01      	ldr	r3, [pc, #4]	@ (68 <task2+0x10>)
  64:	601a      	str	r2, [r3, #0]
  66:	e7f9      	b.n	5c <task2+0x4>
  68:	20000008 			@ <UNDEFINED> instruction: 20000008

0000006c <task3>:
    }
}

// Task 3
void task3() {
  6c:	b580      	push	{r7, lr}
  6e:	af00      	add	r7, sp, #0
    while(1) {
        task3Data += 1;
  70:	4b02      	ldr	r3, [pc, #8]	@ (7c <task3+0x10>)
  72:	681b      	ldr	r3, [r3, #0]
  74:	1c5a      	adds	r2, r3, #1
  76:	4b01      	ldr	r3, [pc, #4]	@ (7c <task3+0x10>)
  78:	601a      	str	r2, [r3, #0]
  7a:	e7f9      	b.n	70 <task3+0x4>
  7c:	2000000c 			@ <UNDEFINED> instruction: 2000000c

00000080 <initTask>:
    }
}

// Initialize stack for tasks
uint32_t* initTask(uint32_t* stack, void (*task)(void)) {
  80:	b580      	push	{r7, lr}
  82:	b082      	sub	sp, #8
  84:	af00      	add	r7, sp, #0
  86:	6078      	str	r0, [r7, #4]
  88:	6039      	str	r1, [r7, #0]
    *(--stack) = 0x01000000; // xPSR ->Thumb mode bit set
  8a:	687b      	ldr	r3, [r7, #4]
  8c:	3b04      	subs	r3, #4
  8e:	607b      	str	r3, [r7, #4]
  90:	687b      	ldr	r3, [r7, #4]
  92:	2280      	movs	r2, #128	@ 0x80
  94:	0452      	lsls	r2, r2, #17
  96:	601a      	str	r2, [r3, #0]
    *(--stack) = (uint32_t)task; // PC
  98:	687b      	ldr	r3, [r7, #4]
  9a:	3b04      	subs	r3, #4
  9c:	607b      	str	r3, [r7, #4]
  9e:	683a      	ldr	r2, [r7, #0]
  a0:	687b      	ldr	r3, [r7, #4]
  a2:	601a      	str	r2, [r3, #0]
    *(--stack) = 0xFFFFFFFD; // LR -> Use MSP on exit
  a4:	687b      	ldr	r3, [r7, #4]
  a6:	3b04      	subs	r3, #4
  a8:	607b      	str	r3, [r7, #4]
  aa:	687b      	ldr	r3, [r7, #4]
  ac:	2203      	movs	r2, #3
  ae:	4252      	negs	r2, r2
  b0:	601a      	str	r2, [r3, #0]
    *(--stack) = 0x12; // R12
  b2:	687b      	ldr	r3, [r7, #4]
  b4:	3b04      	subs	r3, #4
  b6:	607b      	str	r3, [r7, #4]
  b8:	687b      	ldr	r3, [r7, #4]
  ba:	2212      	movs	r2, #18
  bc:	601a      	str	r2, [r3, #0]
    *(--stack) = 0x00; // R0
  be:	687b      	ldr	r3, [r7, #4]
  c0:	3b04      	subs	r3, #4
  c2:	607b      	str	r3, [r7, #4]
  c4:	687b      	ldr	r3, [r7, #4]
  c6:	2200      	movs	r2, #0
  c8:	601a      	str	r2, [r3, #0]
    *(--stack) = 0x01; // R1
  ca:	687b      	ldr	r3, [r7, #4]
  cc:	3b04      	subs	r3, #4
  ce:	607b      	str	r3, [r7, #4]
  d0:	687b      	ldr	r3, [r7, #4]
  d2:	2201      	movs	r2, #1
  d4:	601a      	str	r2, [r3, #0]
    *(--stack) = 0x02; // R2
  d6:	687b      	ldr	r3, [r7, #4]
  d8:	3b04      	subs	r3, #4
  da:	607b      	str	r3, [r7, #4]
  dc:	687b      	ldr	r3, [r7, #4]
  de:	2202      	movs	r2, #2
  e0:	601a      	str	r2, [r3, #0]
    *(--stack) = 0x03; // R3
  e2:	687b      	ldr	r3, [r7, #4]
  e4:	3b04      	subs	r3, #4
  e6:	607b      	str	r3, [r7, #4]
  e8:	687b      	ldr	r3, [r7, #4]
  ea:	2203      	movs	r2, #3
  ec:	601a      	str	r2, [r3, #0]
    *(--stack) = 0x08; // R8
  ee:	687b      	ldr	r3, [r7, #4]
  f0:	3b04      	subs	r3, #4
  f2:	607b      	str	r3, [r7, #4]
  f4:	687b      	ldr	r3, [r7, #4]
  f6:	2208      	movs	r2, #8
  f8:	601a      	str	r2, [r3, #0]
    *(--stack) = 0x09; // R9
  fa:	687b      	ldr	r3, [r7, #4]
  fc:	3b04      	subs	r3, #4
  fe:	607b      	str	r3, [r7, #4]
 100:	687b      	ldr	r3, [r7, #4]
 102:	2209      	movs	r2, #9
 104:	601a      	str	r2, [r3, #0]
    *(--stack) = 0x10; // R10
 106:	687b      	ldr	r3, [r7, #4]
 108:	3b04      	subs	r3, #4
 10a:	607b      	str	r3, [r7, #4]
 10c:	687b      	ldr	r3, [r7, #4]
 10e:	2210      	movs	r2, #16
 110:	601a      	str	r2, [r3, #0]
    *(--stack) = 0x11; // R11
 112:	687b      	ldr	r3, [r7, #4]
 114:	3b04      	subs	r3, #4
 116:	607b      	str	r3, [r7, #4]
 118:	687b      	ldr	r3, [r7, #4]
 11a:	2211      	movs	r2, #17
 11c:	601a      	str	r2, [r3, #0]
    *(--stack) = 0x04; // R4
 11e:	687b      	ldr	r3, [r7, #4]
 120:	3b04      	subs	r3, #4
 122:	607b      	str	r3, [r7, #4]
 124:	687b      	ldr	r3, [r7, #4]
 126:	2204      	movs	r2, #4
 128:	601a      	str	r2, [r3, #0]
    *(--stack) = 0x05; // R5
 12a:	687b      	ldr	r3, [r7, #4]
 12c:	3b04      	subs	r3, #4
 12e:	607b      	str	r3, [r7, #4]
 130:	687b      	ldr	r3, [r7, #4]
 132:	2205      	movs	r2, #5
 134:	601a      	str	r2, [r3, #0]
    *(--stack) = 0x06; // R6
 136:	687b      	ldr	r3, [r7, #4]
 138:	3b04      	subs	r3, #4
 13a:	607b      	str	r3, [r7, #4]
 13c:	687b      	ldr	r3, [r7, #4]
 13e:	2206      	movs	r2, #6
 140:	601a      	str	r2, [r3, #0]
    *(--stack) = 0x07; // R7
 142:	687b      	ldr	r3, [r7, #4]
 144:	3b04      	subs	r3, #4
 146:	607b      	str	r3, [r7, #4]
 148:	687b      	ldr	r3, [r7, #4]
 14a:	2207      	movs	r2, #7
 14c:	601a      	str	r2, [r3, #0]
    return stack;
 14e:	687b      	ldr	r3, [r7, #4]
}
 150:	0018      	movs	r0, r3
 152:	46bd      	mov	sp, r7
 154:	b002      	add	sp, #8
 156:	bd80      	pop	{r7, pc}

00000158 <initSysTick>:

// Initialise clocks and settings for SysTick
void initSysTick() {
 158:	b580      	push	{r7, lr}
 15a:	af00      	add	r7, sp, #0
    SYST_RVR->RELOAD = 0xFFFFFF;
 15c:	4a0b      	ldr	r2, [pc, #44]	@ (18c <initSysTick+0x34>)
 15e:	6813      	ldr	r3, [r2, #0]
 160:	490b      	ldr	r1, [pc, #44]	@ (190 <initSysTick+0x38>)
 162:	430b      	orrs	r3, r1
 164:	6013      	str	r3, [r2, #0]
    SYST_CSR->ENABLE = 1; 
 166:	4a0b      	ldr	r2, [pc, #44]	@ (194 <initSysTick+0x3c>)
 168:	6813      	ldr	r3, [r2, #0]
 16a:	2101      	movs	r1, #1
 16c:	430b      	orrs	r3, r1
 16e:	6013      	str	r3, [r2, #0]
    SYST_CSR->TICKINT = 1;
 170:	4a08      	ldr	r2, [pc, #32]	@ (194 <initSysTick+0x3c>)
 172:	6813      	ldr	r3, [r2, #0]
 174:	2102      	movs	r1, #2
 176:	430b      	orrs	r3, r1
 178:	6013      	str	r3, [r2, #0]
    SYST_CSR->CLKSOURCE = 1;
 17a:	4a06      	ldr	r2, [pc, #24]	@ (194 <initSysTick+0x3c>)
 17c:	6813      	ldr	r3, [r2, #0]
 17e:	2104      	movs	r1, #4
 180:	430b      	orrs	r3, r1
 182:	6013      	str	r3, [r2, #0]
}
 184:	46c0      	nop			@ (mov r8, r8)
 186:	46bd      	mov	sp, r7
 188:	bd80      	pop	{r7, pc}
 18a:	46c0      	nop			@ (mov r8, r8)
 18c:	e000e014 			@ <UNDEFINED> instruction: e000e014
 190:	00ffffff 			@ <UNDEFINED> instruction: 00ffffff
 194:	e000e010 			@ <UNDEFINED> instruction: e000e010

00000198 <main>:

void main() {
 198:	b580      	push	{r7, lr}
 19a:	b084      	sub	sp, #16
 19c:	af00      	add	r7, sp, #0
    // Prepare RAM
    uint32_t *src = &__sidata;
 19e:	4b25      	ldr	r3, [pc, #148]	@ (234 <main+0x9c>)
 1a0:	60fb      	str	r3, [r7, #12]
    uint32_t *dst = &__sdata;
 1a2:	4b25      	ldr	r3, [pc, #148]	@ (238 <main+0xa0>)
 1a4:	60bb      	str	r3, [r7, #8]

    uint32_t srcs = __sidata;
 1a6:	4b23      	ldr	r3, [pc, #140]	@ (234 <main+0x9c>)
 1a8:	681b      	ldr	r3, [r3, #0]
 1aa:	607b      	str	r3, [r7, #4]
    
    while(dst < &__edata) {
 1ac:	e007      	b.n	1be <main+0x26>
        *dst++ = *src++;
 1ae:	68fa      	ldr	r2, [r7, #12]
 1b0:	1d13      	adds	r3, r2, #4
 1b2:	60fb      	str	r3, [r7, #12]
 1b4:	68bb      	ldr	r3, [r7, #8]
 1b6:	1d19      	adds	r1, r3, #4
 1b8:	60b9      	str	r1, [r7, #8]
 1ba:	6812      	ldr	r2, [r2, #0]
 1bc:	601a      	str	r2, [r3, #0]
    while(dst < &__edata) {
 1be:	68ba      	ldr	r2, [r7, #8]
 1c0:	4b1e      	ldr	r3, [pc, #120]	@ (23c <main+0xa4>)
 1c2:	429a      	cmp	r2, r3
 1c4:	d3f3      	bcc.n	1ae <main+0x16>
    }

    dst = &__sbss;
 1c6:	4b1e      	ldr	r3, [pc, #120]	@ (240 <main+0xa8>)
 1c8:	60bb      	str	r3, [r7, #8]
    while(dst < &__ebss) {
 1ca:	e004      	b.n	1d6 <main+0x3e>
        *dst++ = 0;
 1cc:	68bb      	ldr	r3, [r7, #8]
 1ce:	1d1a      	adds	r2, r3, #4
 1d0:	60ba      	str	r2, [r7, #8]
 1d2:	2200      	movs	r2, #0
 1d4:	601a      	str	r2, [r3, #0]
    while(dst < &__ebss) {
 1d6:	68ba      	ldr	r2, [r7, #8]
 1d8:	4b1a      	ldr	r3, [pc, #104]	@ (244 <main+0xac>)
 1da:	429a      	cmp	r2, r3
 1dc:	d3f6      	bcc.n	1cc <main+0x34>
    }

    // Prepare Tasks

    task1_TCB.sp = initTask(&task1Stack[64], task1);
 1de:	4a1a      	ldr	r2, [pc, #104]	@ (248 <main+0xb0>)
 1e0:	4b1a      	ldr	r3, [pc, #104]	@ (24c <main+0xb4>)
 1e2:	0011      	movs	r1, r2
 1e4:	0018      	movs	r0, r3
 1e6:	f7ff ff4b 	bl	80 <initTask>
 1ea:	0002      	movs	r2, r0
 1ec:	4b18      	ldr	r3, [pc, #96]	@ (250 <main+0xb8>)
 1ee:	601a      	str	r2, [r3, #0]
    task1_TCB.next = &task2_TCB;
 1f0:	4b17      	ldr	r3, [pc, #92]	@ (250 <main+0xb8>)
 1f2:	4a18      	ldr	r2, [pc, #96]	@ (254 <main+0xbc>)
 1f4:	605a      	str	r2, [r3, #4]
    task2_TCB.sp = initTask(&task2Stack[64], task2);
 1f6:	4a18      	ldr	r2, [pc, #96]	@ (258 <main+0xc0>)
 1f8:	4b18      	ldr	r3, [pc, #96]	@ (25c <main+0xc4>)
 1fa:	0011      	movs	r1, r2
 1fc:	0018      	movs	r0, r3
 1fe:	f7ff ff3f 	bl	80 <initTask>
 202:	0002      	movs	r2, r0
 204:	4b13      	ldr	r3, [pc, #76]	@ (254 <main+0xbc>)
 206:	601a      	str	r2, [r3, #0]
    task2_TCB.next = &task3_TCB;
 208:	4b12      	ldr	r3, [pc, #72]	@ (254 <main+0xbc>)
 20a:	4a15      	ldr	r2, [pc, #84]	@ (260 <main+0xc8>)
 20c:	605a      	str	r2, [r3, #4]
    task3_TCB.sp = initTask(&task3Stack[64], task3);
 20e:	4a15      	ldr	r2, [pc, #84]	@ (264 <main+0xcc>)
 210:	4b15      	ldr	r3, [pc, #84]	@ (268 <main+0xd0>)
 212:	0011      	movs	r1, r2
 214:	0018      	movs	r0, r3
 216:	f7ff ff33 	bl	80 <initTask>
 21a:	0002      	movs	r2, r0
 21c:	4b10      	ldr	r3, [pc, #64]	@ (260 <main+0xc8>)
 21e:	601a      	str	r2, [r3, #0]
    task3_TCB.next = &task1_TCB;
 220:	4b0f      	ldr	r3, [pc, #60]	@ (260 <main+0xc8>)
 222:	4a0b      	ldr	r2, [pc, #44]	@ (250 <main+0xb8>)
 224:	605a      	str	r2, [r3, #4]

    head = &task3_TCB;
 226:	4b11      	ldr	r3, [pc, #68]	@ (26c <main+0xd4>)
 228:	4a0d      	ldr	r2, [pc, #52]	@ (260 <main+0xc8>)
 22a:	601a      	str	r2, [r3, #0]

    initSysTick();
 22c:	f7ff ff94 	bl	158 <initSysTick>
    while(1);
 230:	e7fe      	b.n	230 <main+0x98>
 232:	46c0      	nop			@ (mov r8, r8)
 234:	000002fc 	strdeq	r0, [r0], -ip
 238:	20000000 			@ <UNDEFINED> instruction: 20000000
 23c:	20000000 			@ <UNDEFINED> instruction: 20000000
 240:	20000000 			@ <UNDEFINED> instruction: 20000000
 244:	2000032c 			@ <UNDEFINED> instruction: 2000032c
 248:	00000045 			@ <UNDEFINED> instruction: 00000045
 24c:	2000012c 			@ <UNDEFINED> instruction: 2000012c
 250:	20000010 			@ <UNDEFINED> instruction: 20000010
 254:	20000018 			@ <UNDEFINED> instruction: 20000018
 258:	00000059 			@ <UNDEFINED> instruction: 00000059
 25c:	2000022c 			@ <UNDEFINED> instruction: 2000022c
 260:	20000020 			@ <UNDEFINED> instruction: 20000020
 264:	0000006d 			@ <UNDEFINED> instruction: 0000006d
 268:	2000032c 			@ <UNDEFINED> instruction: 2000032c
 26c:	20000028 			@ <UNDEFINED> instruction: 20000028

00000270 <NMI_handler>:
extern void hardFault_handler();
extern void SVCall_handler();
extern void pendSV_handler();
extern void sysTick_handler();

void NMI_handler() {}
 270:	b580      	push	{r7, lr}
 272:	af00      	add	r7, sp, #0
 274:	46c0      	nop			@ (mov r8, r8)
 276:	46bd      	mov	sp, r7
 278:	bd80      	pop	{r7, pc}

0000027a <hardFault_handler>:
void hardFault_handler() {}
 27a:	b580      	push	{r7, lr}
 27c:	af00      	add	r7, sp, #0
 27e:	46c0      	nop			@ (mov r8, r8)
 280:	46bd      	mov	sp, r7
 282:	bd80      	pop	{r7, pc}

00000284 <SVCall_handler>:
void SVCall_handler() {}
 284:	b580      	push	{r7, lr}
 286:	af00      	add	r7, sp, #0
 288:	46c0      	nop			@ (mov r8, r8)
 28a:	46bd      	mov	sp, r7
 28c:	bd80      	pop	{r7, pc}

0000028e <sysTick_handler>:

extern uint8_t schedularStarted;

// Exception systick handler
void sysTick_handler() {
 28e:	b580      	push	{r7, lr}
 290:	af00      	add	r7, sp, #0
    // Trigger pendSV Exception
    ICSR = (1 << 28);
 292:	4b03      	ldr	r3, [pc, #12]	@ (2a0 <sysTick_handler+0x12>)
 294:	2280      	movs	r2, #128	@ 0x80
 296:	0552      	lsls	r2, r2, #21
 298:	601a      	str	r2, [r3, #0]
}
 29a:	46c0      	nop			@ (mov r8, r8)
 29c:	46bd      	mov	sp, r7
 29e:	bd80      	pop	{r7, pc}
 2a0:	e000ed04 			@ <UNDEFINED> instruction: e000ed04

000002a4 <pendSV_handler>:
//     );
// }

__attribute__((naked))
void pendSV_handler() {
    __asm volatile 
 2a4:	f3ef 8009 	mrs	r0, PSP
 2a8:	2800      	cmp	r0, #0
 2aa:	d00a      	beq.n	2c2 <skip_save>
 2ac:	3820      	subs	r0, #32
 2ae:	c0f0      	stmia	r0!, {r4, r5, r6, r7}
 2b0:	4644      	mov	r4, r8
 2b2:	464d      	mov	r5, r9
 2b4:	4656      	mov	r6, sl
 2b6:	465f      	mov	r7, fp
 2b8:	c0f0      	stmia	r0!, {r4, r5, r6, r7}
 2ba:	3820      	subs	r0, #32
 2bc:	490d      	ldr	r1, [pc, #52]	@ (2f4 <skip_save+0x32>)
 2be:	6809      	ldr	r1, [r1, #0]
 2c0:	6008      	str	r0, [r1, #0]

000002c2 <skip_save>:
 2c2:	490c      	ldr	r1, [pc, #48]	@ (2f4 <skip_save+0x32>)
 2c4:	680a      	ldr	r2, [r1, #0]
 2c6:	6852      	ldr	r2, [r2, #4]
 2c8:	600a      	str	r2, [r1, #0]
 2ca:	6810      	ldr	r0, [r2, #0]
 2cc:	3010      	adds	r0, #16
 2ce:	c8f0      	ldmia	r0!, {r4, r5, r6, r7}
 2d0:	46a0      	mov	r8, r4
 2d2:	46a9      	mov	r9, r5
 2d4:	46b2      	mov	sl, r6
 2d6:	46bb      	mov	fp, r7
 2d8:	3820      	subs	r0, #32
 2da:	c8f0      	ldmia	r0!, {r4, r5, r6, r7}
 2dc:	3010      	adds	r0, #16
 2de:	f380 8809 	msr	PSP, r0
 2e2:	2302      	movs	r3, #2
 2e4:	f383 8814 	msr	CONTROL, r3
 2e8:	f3bf 8f6f 	isb	sy
 2ec:	4802      	ldr	r0, [pc, #8]	@ (2f8 <skip_save+0x36>)
 2ee:	4686      	mov	lr, r0
 2f0:	4770      	bx	lr
        
        "ldr r0, =0xFFFFFFFD \n"
        "mov lr, r0 \n"
        "bx lr \n"
    );
 2f2:	46c0      	nop			@ (mov r8, r8)
 2f4:	20000028 			@ <UNDEFINED> instruction: 20000028
 2f8:	fffffffd 			@ <UNDEFINED> instruction: fffffffd

Disassembly of section .ARM.attributes:

00000000 <.ARM.attributes>:
   0:	00002d41 			@ <UNDEFINED> instruction: 00002d41
   4:	61656100 			@ <UNDEFINED> instruction: 61656100
   8:	01006962 			@ <UNDEFINED> instruction: 01006962
   c:	00000023 			@ <UNDEFINED> instruction: 00000023
  10:	726f4305 			@ <UNDEFINED> instruction: 726f4305
  14:	2d786574 			@ <UNDEFINED> instruction: 2d786574
  18:	002b304d 			@ <UNDEFINED> instruction: 002b304d
  1c:	4d070c06 			@ <UNDEFINED> instruction: 4d070c06
  20:	04120109 			@ <UNDEFINED> instruction: 04120109
  24:	01150114 			@ <UNDEFINED> instruction: 01150114
  28:	01180317 			@ <UNDEFINED> instruction: 01180317
  2c:	Address 0x2c is out of bounds.


Disassembly of section .comment:

00000000 <.comment>:
   0:	3a434347 			@ <UNDEFINED> instruction: 3a434347
   4:	72412820 			@ <UNDEFINED> instruction: 72412820
   8:	4e47206d 			@ <UNDEFINED> instruction: 4e47206d
   c:	6f542055 			@ <UNDEFINED> instruction: 6f542055
  10:	68636c6f 			@ <UNDEFINED> instruction: 68636c6f
  14:	206e6961 			@ <UNDEFINED> instruction: 206e6961
  18:	332e3431 			@ <UNDEFINED> instruction: 332e3431
  1c:	6c65522e 			@ <UNDEFINED> instruction: 6c65522e
  20:	42282031 			@ <UNDEFINED> instruction: 42282031
  24:	646c6975 			@ <UNDEFINED> instruction: 646c6975
  28:	6d726120 			@ <UNDEFINED> instruction: 6d726120
  2c:	2e34312d 			@ <UNDEFINED> instruction: 2e34312d
  30:	29343731 			@ <UNDEFINED> instruction: 29343731
  34:	34312029 			@ <UNDEFINED> instruction: 34312029
  38:	312e332e 			@ <UNDEFINED> instruction: 312e332e
  3c:	32303220 			@ <UNDEFINED> instruction: 32303220
    b main
  40:	32363035 			@ <UNDEFINED> instruction: 32363035
void task1() {
  44:	Address 0x44 is out of bounds.


Disassembly of section .debug_line:

00000000 <.debug_line>:
   0:	00000030 			@ <UNDEFINED> instruction: 00000030
   4:	001a0002 			@ <UNDEFINED> instruction: 001a0002
   8:	01020000 			@ <UNDEFINED> instruction: 01020000
   c:	000a0efb 	strdeq	r0, [sl], -fp
  10:	01010101 			@ <UNDEFINED> instruction: 01010101
  14:	01000000 			@ <UNDEFINED> instruction: 01000000
  18:	6f6f6200 			@ <UNDEFINED> instruction: 6f6f6200
  1c:	00732e74 			@ <UNDEFINED> instruction: 00732e74
  20:	00000000 			@ <UNDEFINED> instruction: 00000000
  24:	40020500 			@ <UNDEFINED> instruction: 40020500
  28:	03000000 			@ <UNDEFINED> instruction: 03000000
  2c:	021e0116 			@ <UNDEFINED> instruction: 021e0116
  30:	01010001 			@ <UNDEFINED> instruction: 01010001
  34:	000001e1 			@ <UNDEFINED> instruction: 000001e1
  38:	01100003 			@ <UNDEFINED> instruction: 01100003
  3c:	01020000 			@ <UNDEFINED> instruction: 01020000
  40:	000d0efb 	strdeq	r0, [sp], -fp
  44:	01010101 			@ <UNDEFINED> instruction: 01010101
        task1Data += 1;
  48:	01000000 			@ <UNDEFINED> instruction: 01000000
  4c:	43010000 			@ <UNDEFINED> instruction: 43010000
  50:	72502f3a 			@ <UNDEFINED> instruction: 72502f3a
  54:	6172676f 			@ <UNDEFINED> instruction: 6172676f
void task2() {
  58:	6946206d 			@ <UNDEFINED> instruction: 6946206d
        task2Data += 1;
  5c:	2073656c 			@ <UNDEFINED> instruction: 2073656c
  60:	36387828 			@ <UNDEFINED> instruction: 36387828
  64:	72412f29 			@ <UNDEFINED> instruction: 72412f29
  68:	4e47206d 			@ <UNDEFINED> instruction: 4e47206d
void task3() {
  6c:	6f542055 			@ <UNDEFINED> instruction: 6f542055
        task3Data += 1;
  70:	68636c6f 			@ <UNDEFINED> instruction: 68636c6f
  74:	206e6961 			@ <UNDEFINED> instruction: 206e6961
  78:	2d6d7261 			@ <UNDEFINED> instruction: 2d6d7261
  7c:	656e6f6e 			@ <UNDEFINED> instruction: 656e6f6e
uint32_t* initTask(uint32_t* stack, void (*task)(void)) {
  80:	6261652d 			@ <UNDEFINED> instruction: 6261652d
  84:	34312f69 			@ <UNDEFINED> instruction: 34312f69
  88:	7220332e 			@ <UNDEFINED> instruction: 7220332e
    *(--stack) = 0x01000000; // xPSR ->Thumb mode bit set
  8c:	2f316c65 			@ <UNDEFINED> instruction: 2f316c65
  90:	2d6d7261 			@ <UNDEFINED> instruction: 2d6d7261
  94:	656e6f6e 			@ <UNDEFINED> instruction: 656e6f6e
    *(--stack) = (uint32_t)task; // PC
  98:	6261652d 			@ <UNDEFINED> instruction: 6261652d
  9c:	6e692f69 			@ <UNDEFINED> instruction: 6e692f69
  a0:	64756c63 			@ <UNDEFINED> instruction: 64756c63
    *(--stack) = 0xFFFFFFFD; // LR -> Use MSP on exit
  a4:	616d2f65 			@ <UNDEFINED> instruction: 616d2f65
  a8:	6e696863 			@ <UNDEFINED> instruction: 6e696863
  ac:	3a430065 			@ <UNDEFINED> instruction: 3a430065
  b0:	6f72502f 			@ <UNDEFINED> instruction: 6f72502f
    *(--stack) = 0x12; // R12
  b4:	6d617267 			@ <UNDEFINED> instruction: 6d617267
  b8:	6c694620 			@ <UNDEFINED> instruction: 6c694620
  bc:	28207365 			@ <UNDEFINED> instruction: 28207365
    *(--stack) = 0x00; // R0
  c0:	29363878 			@ <UNDEFINED> instruction: 29363878
  c4:	6d72412f 			@ <UNDEFINED> instruction: 6d72412f
  c8:	554e4720 			@ <UNDEFINED> instruction: 554e4720
    *(--stack) = 0x01; // R1
  cc:	6f6f5420 			@ <UNDEFINED> instruction: 6f6f5420
  d0:	6168636c 			@ <UNDEFINED> instruction: 6168636c
  d4:	61206e69 			@ <UNDEFINED> instruction: 61206e69
    *(--stack) = 0x02; // R2
  d8:	6e2d6d72 			@ <UNDEFINED> instruction: 6e2d6d72
  dc:	2d656e6f 			@ <UNDEFINED> instruction: 2d656e6f
  e0:	69626165 			@ <UNDEFINED> instruction: 69626165
    *(--stack) = 0x03; // R3
  e4:	2e34312f 			@ <UNDEFINED> instruction: 2e34312f
  e8:	65722033 			@ <UNDEFINED> instruction: 65722033
  ec:	612f316c 			@ <UNDEFINED> instruction: 612f316c
    *(--stack) = 0x08; // R8
  f0:	6e2d6d72 			@ <UNDEFINED> instruction: 6e2d6d72
  f4:	2d656e6f 			@ <UNDEFINED> instruction: 2d656e6f
  f8:	69626165 			@ <UNDEFINED> instruction: 69626165
    *(--stack) = 0x09; // R9
  fc:	636e692f 			@ <UNDEFINED> instruction: 636e692f
 100:	6564756c 			@ <UNDEFINED> instruction: 6564756c
 104:	7379732f 			@ <UNDEFINED> instruction: 7379732f
    *(--stack) = 0x10; // R10
 108:	616d0000 			@ <UNDEFINED> instruction: 616d0000
 10c:	632e6e69 			@ <UNDEFINED> instruction: 632e6e69
 110:	00000000 			@ <UNDEFINED> instruction: 00000000
    *(--stack) = 0x11; // R11
 114:	6665645f 			@ <UNDEFINED> instruction: 6665645f
 118:	746c7561 			@ <UNDEFINED> instruction: 746c7561
 11c:	7079745f 			@ <UNDEFINED> instruction: 7079745f
    *(--stack) = 0x04; // R4
 120:	682e7365 			@ <UNDEFINED> instruction: 682e7365
 124:	00000100 			@ <UNDEFINED> instruction: 00000100
 128:	6474735f 			@ <UNDEFINED> instruction: 6474735f
    *(--stack) = 0x05; // R5
 12c:	2e746e69 			@ <UNDEFINED> instruction: 2e746e69
 130:	00020068 			@ <UNDEFINED> instruction: 00020068
 134:	732f2e00 			@ <UNDEFINED> instruction: 732f2e00
    *(--stack) = 0x06; // R6
 138:	69747379 			@ <UNDEFINED> instruction: 69747379
 13c:	682e6b63 			@ <UNDEFINED> instruction: 682e6b63
 140:	00000000 			@ <UNDEFINED> instruction: 00000000
    *(--stack) = 0x07; // R7
 144:	2e424354 			@ <UNDEFINED> instruction: 2e424354
 148:	00000068 			@ <UNDEFINED> instruction: 00000068
 14c:	0e050000 			@ <UNDEFINED> instruction: 0e050000
}
 150:	44020500 			@ <UNDEFINED> instruction: 44020500
 154:	03000000 			@ <UNDEFINED> instruction: 03000000
void initSysTick() {
 158:	13050113 			@ <UNDEFINED> instruction: 13050113
    SYST_RVR->RELOAD = 0xFFFFFF;
 15c:	01040200 			@ <UNDEFINED> instruction: 01040200
 160:	05580630 			@ <UNDEFINED> instruction: 05580630
 164:	0541060e 			@ <UNDEFINED> instruction: 0541060e
    SYST_CSR->ENABLE = 1; 
 168:	04020013 			@ <UNDEFINED> instruction: 04020013
 16c:	58063001 			@ <UNDEFINED> instruction: 58063001
    SYST_CSR->TICKINT = 1;
 170:	41060e05 			@ <UNDEFINED> instruction: 41060e05
 174:	02001305 			@ <UNDEFINED> instruction: 02001305
 178:	06300104 			@ <UNDEFINED> instruction: 06300104
    SYST_CSR->CLKSOURCE = 1;
 17c:	06390558 			@ <UNDEFINED> instruction: 06390558
 180:	59100541 			@ <UNDEFINED> instruction: 59100541
}
 184:	3c120575 			@ <UNDEFINED> instruction: 3c120575
 188:	2f201005 			@ <UNDEFINED> instruction: 2f201005
 18c:	67676775 			@ <UNDEFINED> instruction: 67676775
 190:	67676767 			@ <UNDEFINED> instruction: 67676767
 194:	67676767 			@ <UNDEFINED> instruction: 67676767
void main() {
 198:	670c0567 			@ <UNDEFINED> instruction: 670c0567
 19c:	05210105 			@ <UNDEFINED> instruction: 05210105
    uint32_t *src = &__sidata;
 1a0:	0d054d14 			@ <UNDEFINED> instruction: 0d054d14
    uint32_t *dst = &__sdata;
 1a4:	2016052f 			@ <UNDEFINED> instruction: 2016052f
    uint32_t srcs = __sidata;
 1a8:	054b0d05 			@ <UNDEFINED> instruction: 054b0d05
    while(dst < &__edata) {
 1ac:	0d052016 			@ <UNDEFINED> instruction: 0d052016
        *dst++ = *src++;
 1b0:	2017054b 			@ <UNDEFINED> instruction: 2017054b
 1b4:	054b0d05 			@ <UNDEFINED> instruction: 054b0d05
 1b8:	01052019 			@ <UNDEFINED> instruction: 01052019
 1bc:	a00d054b 			@ <UNDEFINED> instruction: a00d054b
    while(dst < &__edata) {
 1c0:	2f3e0f05 			@ <UNDEFINED> instruction: 2f3e0f05
 1c4:	05300e05 			@ <UNDEFINED> instruction: 05300e05
    dst = &__sbss;
 1c8:	16053e0a 			@ <UNDEFINED> instruction: 16053e0a
        *dst++ = 0;
 1cc:	3c0d0521 			@ <UNDEFINED> instruction: 3c0d0521
 1d0:	053c1205 			@ <UNDEFINED> instruction: 053c1205
 1d4:	0f052010 			@ <UNDEFINED> instruction: 0f052010
    while(dst < &__ebss) {
 1d8:	4e09051f 			@ <UNDEFINED> instruction: 4e09051f
 1dc:	052f0a05 			@ <UNDEFINED> instruction: 052f0a05
    task1_TCB.sp = initTask(&task1Stack[64], task1);
 1e0:	1005210d 			@ <UNDEFINED> instruction: 1005210d
 1e4:	2d0f053c 			@ <UNDEFINED> instruction: 2d0f053c
 1e8:	05501405 			@ <UNDEFINED> instruction: 05501405
 1ec:	04020012 			@ <UNDEFINED> instruction: 04020012
    task1_TCB.next = &task2_TCB;
 1f0:	14057401 			@ <UNDEFINED> instruction: 14057401
 1f4:	12053d2f 			@ <UNDEFINED> instruction: 12053d2f
    task2_TCB.sp = initTask(&task2Stack[64], task2);
 1f8:	01040200 			@ <UNDEFINED> instruction: 01040200
 1fc:	2f140574 			@ <UNDEFINED> instruction: 2f140574
 200:	0012053d 			@ <UNDEFINED> instruction: 0012053d
 204:	74010402 			@ <UNDEFINED> instruction: 74010402
    task2_TCB.next = &task3_TCB;
 208:	052f1405 			@ <UNDEFINED> instruction: 052f1405
 20c:	05053e0a 			@ <UNDEFINED> instruction: 05053e0a
    task3_TCB.sp = initTask(&task3Stack[64], task3);
 210:	2f0a053e 			@ <UNDEFINED> instruction: 2f0a053e
 214:	01002002 			@ <UNDEFINED> instruction: 01002002
 218:	00013d01 			@ <UNDEFINED> instruction: 00013d01
 21c:	fe000300 	cdp2	3, 0, cr0, cr0, cr0, {0}
    task3_TCB.next = &task1_TCB;
 220:	02000000 			@ <UNDEFINED> instruction: 02000000
 224:	0d0efb01 	vstreq	d15, [lr, #-4]
    head = &task3_TCB;
 228:	01010100 			@ <UNDEFINED> instruction: 01010100
    initSysTick();
 22c:	00000001 			@ <UNDEFINED> instruction: 00000001
    while(1);
 230:	01000001 			@ <UNDEFINED> instruction: 01000001
 234:	502f3a43 			@ <UNDEFINED> instruction: 502f3a43
 238:	72676f72 			@ <UNDEFINED> instruction: 72676f72
 23c:	46206d61 			@ <UNDEFINED> instruction: 46206d61
 240:	73656c69 			@ <UNDEFINED> instruction: 73656c69
 244:	38782820 			@ <UNDEFINED> instruction: 38782820
 248:	412f2936 			@ <UNDEFINED> instruction: 412f2936
 24c:	47206d72 			@ <UNDEFINED> instruction: 47206d72
 250:	5420554e 			@ <UNDEFINED> instruction: 5420554e
 254:	636c6f6f 			@ <UNDEFINED> instruction: 636c6f6f
 258:	6e696168 			@ <UNDEFINED> instruction: 6e696168
 25c:	6d726120 			@ <UNDEFINED> instruction: 6d726120
 260:	6e6f6e2d 			@ <UNDEFINED> instruction: 6e6f6e2d
 264:	61652d65 			@ <UNDEFINED> instruction: 61652d65
 268:	312f6962 			@ <UNDEFINED> instruction: 312f6962
 26c:	20332e34 			@ <UNDEFINED> instruction: 20332e34
void NMI_handler() {}
 270:	316c6572 			@ <UNDEFINED> instruction: 316c6572
 274:	6d72612f 			@ <UNDEFINED> instruction: 6d72612f
 278:	6e6f6e2d 			@ <UNDEFINED> instruction: 6e6f6e2d
void hardFault_handler() {}
 27c:	61652d65 			@ <UNDEFINED> instruction: 61652d65
 280:	692f6962 			@ <UNDEFINED> instruction: 692f6962
void SVCall_handler() {}
 284:	756c636e 			@ <UNDEFINED> instruction: 756c636e
 288:	6d2f6564 			@ <UNDEFINED> instruction: 6d2f6564
 28c:	69686361 			@ <UNDEFINED> instruction: 69686361
void sysTick_handler() {
 290:	4300656e 			@ <UNDEFINED> instruction: 4300656e
    ICSR = (1 << 28);
 294:	72502f3a 			@ <UNDEFINED> instruction: 72502f3a
 298:	6172676f 			@ <UNDEFINED> instruction: 6172676f
}
 29c:	6946206d 			@ <UNDEFINED> instruction: 6946206d
 2a0:	2073656c 			@ <UNDEFINED> instruction: 2073656c
    __asm volatile 
 2a4:	36387828 			@ <UNDEFINED> instruction: 36387828
 2a8:	72412f29 			@ <UNDEFINED> instruction: 72412f29
 2ac:	4e47206d 			@ <UNDEFINED> instruction: 4e47206d
 2b0:	6f542055 			@ <UNDEFINED> instruction: 6f542055
 2b4:	68636c6f 			@ <UNDEFINED> instruction: 68636c6f
 2b8:	206e6961 			@ <UNDEFINED> instruction: 206e6961
 2bc:	2d6d7261 			@ <UNDEFINED> instruction: 2d6d7261
 2c0:	656e6f6e 			@ <UNDEFINED> instruction: 656e6f6e
 2c4:	6261652d 			@ <UNDEFINED> instruction: 6261652d
 2c8:	34312f69 			@ <UNDEFINED> instruction: 34312f69
 2cc:	7220332e 			@ <UNDEFINED> instruction: 7220332e
 2d0:	2f316c65 			@ <UNDEFINED> instruction: 2f316c65
 2d4:	2d6d7261 			@ <UNDEFINED> instruction: 2d6d7261
 2d8:	656e6f6e 			@ <UNDEFINED> instruction: 656e6f6e
 2dc:	6261652d 			@ <UNDEFINED> instruction: 6261652d
 2e0:	6e692f69 			@ <UNDEFINED> instruction: 6e692f69
 2e4:	64756c63 			@ <UNDEFINED> instruction: 64756c63
 2e8:	79732f65 			@ <UNDEFINED> instruction: 79732f65
 2ec:	65000073 			@ <UNDEFINED> instruction: 65000073
 2f0:	70656378 			@ <UNDEFINED> instruction: 70656378
 2f4:	6e6f6974 			@ <UNDEFINED> instruction: 6e6f6974
 2f8:	00632e73 			@ <UNDEFINED> instruction: 00632e73
 2fc:	5f000000 			@ <UNDEFINED> instruction: 5f000000
 300:	61666564 			@ <UNDEFINED> instruction: 61666564
 304:	5f746c75 			@ <UNDEFINED> instruction: 5f746c75
 308:	65707974 			@ <UNDEFINED> instruction: 65707974
 30c:	00682e73 			@ <UNDEFINED> instruction: 00682e73
 310:	5f000001 			@ <UNDEFINED> instruction: 5f000001
 314:	69647473 			@ <UNDEFINED> instruction: 69647473
 318:	682e746e 			@ <UNDEFINED> instruction: 682e746e
 31c:	00000200 			@ <UNDEFINED> instruction: 00000200
 320:	00140500 			@ <UNDEFINED> instruction: 00140500
 324:	02700205 			@ <UNDEFINED> instruction: 02700205
 328:	0b030000 			@ <UNDEFINED> instruction: 0b030000
 32c:	2e150501 			@ <UNDEFINED> instruction: 2e150501
 330:	053d1a05 			@ <UNDEFINED> instruction: 053d1a05
 334:	17052e1b 	smladne	r5, fp, lr, r2
 338:	2e18053d 			@ <UNDEFINED> instruction: 2e18053d
 33c:	30050541 			@ <UNDEFINED> instruction: 30050541
 340:	05200a05 			@ <UNDEFINED> instruction: 05200a05
 344:	17053d01 			@ <UNDEFINED> instruction: 17053d01
 348:	05583503 			@ <UNDEFINED> instruction: 05583503
 34c:	01051305 			@ <UNDEFINED> instruction: 01051305
 350:	27023203 			@ <UNDEFINED> instruction: 27023203
 354:	00050201 			@ <UNDEFINED> instruction: 00050201
 358:	01060101 			@ <UNDEFINED> instruction: 01060101
 35c:	00030000 			@ <UNDEFINED> instruction: 00030000
 360:	00000100 			@ <UNDEFINED> instruction: 00000100
 364:	0efb0102 			@ <UNDEFINED> instruction: 0efb0102
 368:	0101000d 			@ <UNDEFINED> instruction: 0101000d
 36c:	00000101 			@ <UNDEFINED> instruction: 00000101
 370:	00000100 			@ <UNDEFINED> instruction: 00000100
 374:	2f3a4301 			@ <UNDEFINED> instruction: 2f3a4301
 378:	676f7250 			@ <UNDEFINED> instruction: 676f7250
 37c:	206d6172 			@ <UNDEFINED> instruction: 206d6172
 380:	656c6946 			@ <UNDEFINED> instruction: 656c6946
 384:	78282073 			@ <UNDEFINED> instruction: 78282073
 388:	2f293638 			@ <UNDEFINED> instruction: 2f293638
 38c:	206d7241 			@ <UNDEFINED> instruction: 206d7241
 390:	20554e47 			@ <UNDEFINED> instruction: 20554e47
 394:	6c6f6f54 			@ <UNDEFINED> instruction: 6c6f6f54
 398:	69616863 			@ <UNDEFINED> instruction: 69616863
 39c:	7261206e 			@ <UNDEFINED> instruction: 7261206e
 3a0:	6f6e2d6d 			@ <UNDEFINED> instruction: 6f6e2d6d
 3a4:	652d656e 			@ <UNDEFINED> instruction: 652d656e
 3a8:	2f696261 			@ <UNDEFINED> instruction: 2f696261
 3ac:	332e3431 			@ <UNDEFINED> instruction: 332e3431
 3b0:	6c657220 			@ <UNDEFINED> instruction: 6c657220
 3b4:	72612f31 			@ <UNDEFINED> instruction: 72612f31
 3b8:	6f6e2d6d 			@ <UNDEFINED> instruction: 6f6e2d6d
 3bc:	652d656e 			@ <UNDEFINED> instruction: 652d656e
 3c0:	2f696261 			@ <UNDEFINED> instruction: 2f696261
 3c4:	6c636e69 			@ <UNDEFINED> instruction: 6c636e69
 3c8:	2f656475 			@ <UNDEFINED> instruction: 2f656475
 3cc:	6863616d 			@ <UNDEFINED> instruction: 6863616d
 3d0:	00656e69 			@ <UNDEFINED> instruction: 00656e69
 3d4:	502f3a43 			@ <UNDEFINED> instruction: 502f3a43
 3d8:	72676f72 			@ <UNDEFINED> instruction: 72676f72
 3dc:	46206d61 			@ <UNDEFINED> instruction: 46206d61
 3e0:	73656c69 			@ <UNDEFINED> instruction: 73656c69
 3e4:	38782820 			@ <UNDEFINED> instruction: 38782820
 3e8:	412f2936 			@ <UNDEFINED> instruction: 412f2936
 3ec:	47206d72 			@ <UNDEFINED> instruction: 47206d72
 3f0:	5420554e 			@ <UNDEFINED> instruction: 5420554e
 3f4:	636c6f6f 			@ <UNDEFINED> instruction: 636c6f6f
 3f8:	6e696168 			@ <UNDEFINED> instruction: 6e696168
 3fc:	6d726120 			@ <UNDEFINED> instruction: 6d726120
 400:	6e6f6e2d 			@ <UNDEFINED> instruction: 6e6f6e2d
 404:	61652d65 			@ <UNDEFINED> instruction: 61652d65
 408:	312f6962 			@ <UNDEFINED> instruction: 312f6962
 40c:	20332e34 			@ <UNDEFINED> instruction: 20332e34
 410:	316c6572 			@ <UNDEFINED> instruction: 316c6572
 414:	6d72612f 			@ <UNDEFINED> instruction: 6d72612f
 418:	6e6f6e2d 			@ <UNDEFINED> instruction: 6e6f6e2d
 41c:	61652d65 			@ <UNDEFINED> instruction: 61652d65
 420:	692f6962 			@ <UNDEFINED> instruction: 692f6962
 424:	756c636e 			@ <UNDEFINED> instruction: 756c636e
 428:	732f6564 			@ <UNDEFINED> instruction: 732f6564
 42c:	00007379 			@ <UNDEFINED> instruction: 00007379
 430:	2e626374 			@ <UNDEFINED> instruction: 2e626374
 434:	00000063 			@ <UNDEFINED> instruction: 00000063
 438:	65645f00 			@ <UNDEFINED> instruction: 65645f00
 43c:	6c756166 			@ <UNDEFINED> instruction: 6c756166
 440:	79745f74 			@ <UNDEFINED> instruction: 79745f74
 444:	2e736570 			@ <UNDEFINED> instruction: 2e736570
 448:	00010068 			@ <UNDEFINED> instruction: 00010068
 44c:	74735f00 			@ <UNDEFINED> instruction: 74735f00
 450:	746e6964 			@ <UNDEFINED> instruction: 746e6964
 454:	0200682e 			@ <UNDEFINED> instruction: 0200682e
 458:	63740000 			@ <UNDEFINED> instruction: 63740000
 45c:	00682e62 			@ <UNDEFINED> instruction: 00682e62
 460:	00000000 			@ <UNDEFINED> instruction: 00000000

Disassembly of section .debug_info:

00000000 <.debug_info>:
   0:	00000022 			@ <UNDEFINED> instruction: 00000022
   4:	00000002 			@ <UNDEFINED> instruction: 00000002
   8:	01040000 			@ <UNDEFINED> instruction: 01040000
   c:	00000000 			@ <UNDEFINED> instruction: 00000000
  10:	00000040 			@ <UNDEFINED> instruction: 00000040
  14:	00000044 			@ <UNDEFINED> instruction: 00000044
  18:	00000000 			@ <UNDEFINED> instruction: 00000000
  1c:	00000007 			@ <UNDEFINED> instruction: 00000007
  20:	0000003d 			@ <UNDEFINED> instruction: 0000003d
  24:	03078001 			@ <UNDEFINED> instruction: 03078001
  28:	00050000 			@ <UNDEFINED> instruction: 00050000
  2c:	00140401 			@ <UNDEFINED> instruction: 00140401
  30:	4b0b0000 			@ <UNDEFINED> instruction: 4b0b0000
  34:	1d000000 			@ <UNDEFINED> instruction: 1d000000
  38:	000001bb 			@ <UNDEFINED> instruction: 000001bb
  3c:	00000007 			@ <UNDEFINED> instruction: 00000007
  40:	00000044 			@ <UNDEFINED> instruction: 00000044
void task1() {
  44:	0000022c 			@ <UNDEFINED> instruction: 0000022c
        task1Data += 1;
  48:	00000034 			@ <UNDEFINED> instruction: 00000034
  4c:	2e060102 			@ <UNDEFINED> instruction: 2e060102
  50:	04000001 			@ <UNDEFINED> instruction: 04000001
  54:	00000122 			@ <UNDEFINED> instruction: 00000122
void task2() {
  58:	39182b02 			@ <UNDEFINED> instruction: 39182b02
        task2Data += 1;
  5c:	02000000 			@ <UNDEFINED> instruction: 02000000
  60:	012c0801 			@ <UNDEFINED> instruction: 012c0801
  64:	02020000 			@ <UNDEFINED> instruction: 02020000
  68:	0000be05 			@ <UNDEFINED> instruction: 0000be05
void task3() {
  6c:	07020200 			@ <UNDEFINED> instruction: 07020200
        task3Data += 1;
  70:	00000188 			@ <UNDEFINED> instruction: 00000188
  74:	0e050402 			@ <UNDEFINED> instruction: 0e050402
  78:	04000001 			@ <UNDEFINED> instruction: 04000001
  7c:	000000d2 	ldrdeq	r0, [r0], -r2
uint32_t* initTask(uint32_t* stack, void (*task)(void)) {
  80:	61194f02 			@ <UNDEFINED> instruction: 61194f02
  84:	02000000 			@ <UNDEFINED> instruction: 02000000
  88:	01490704 			@ <UNDEFINED> instruction: 01490704
    *(--stack) = 0x01000000; // xPSR ->Thumb mode bit set
  8c:	08020000 			@ <UNDEFINED> instruction: 08020000
  90:	00010905 			@ <UNDEFINED> instruction: 00010905
  94:	07080200 			@ <UNDEFINED> instruction: 07080200
    *(--stack) = (uint32_t)task; // PC
  98:	00000144 			@ <UNDEFINED> instruction: 00000144
  9c:	6905040c 			@ <UNDEFINED> instruction: 6905040c
  a0:	0200746e 			@ <UNDEFINED> instruction: 0200746e
    *(--stack) = 0xFFFFFFFD; // LR -> Use MSP on exit
  a4:	014e0704 			@ <UNDEFINED> instruction: 014e0704
  a8:	24040000 			@ <UNDEFINED> instruction: 24040000
  ac:	03000001 			@ <UNDEFINED> instruction: 03000001
  b0:	002d1318 			@ <UNDEFINED> instruction: 002d1318
    *(--stack) = 0x12; // R12
  b4:	d4040000 			@ <UNDEFINED> instruction: d4040000
  b8:	03000000 			@ <UNDEFINED> instruction: 03000000
  bc:	00551430 			@ <UNDEFINED> instruction: 00551430
    *(--stack) = 0x00; // R0
  c0:	900d0000 			@ <UNDEFINED> instruction: 900d0000
  c4:	08000000 			@ <UNDEFINED> instruction: 08000000
  c8:	0000f006 			@ <UNDEFINED> instruction: 0000f006
    *(--stack) = 0x01; // R1
  cc:	02270300 			@ <UNDEFINED> instruction: 02270300
  d0:	9c070000 			@ <UNDEFINED> instruction: 9c070000
  d4:	01000000 			@ <UNDEFINED> instruction: 01000000
    *(--stack) = 0x02; // R2
  d8:	00f70300 			@ <UNDEFINED> instruction: 00f70300
  dc:	9c080000 			@ <UNDEFINED> instruction: 9c080000
  e0:	01000000 			@ <UNDEFINED> instruction: 01000000
    *(--stack) = 0x03; // R3
  e4:	01a20301 			@ <UNDEFINED> instruction: 01a20301
  e8:	9c090000 			@ <UNDEFINED> instruction: 9c090000
  ec:	01000000 			@ <UNDEFINED> instruction: 01000000
    *(--stack) = 0x08; // R8
  f0:	00ff0302 			@ <UNDEFINED> instruction: 00ff0302
  f4:	9c0a0000 			@ <UNDEFINED> instruction: 9c0a0000
  f8:	0d000000 			@ <UNDEFINED> instruction: 0d000000
    *(--stack) = 0x09; // R9
  fc:	01b10303 			@ <UNDEFINED> instruction: 01b10303
 100:	9c0b0000 			@ <UNDEFINED> instruction: 9c0b0000
 104:	01000000 			@ <UNDEFINED> instruction: 01000000
    *(--stack) = 0x10; // R10
 108:	01040310 			@ <UNDEFINED> instruction: 01040310
 10c:	9c0c0000 			@ <UNDEFINED> instruction: 9c0c0000
 110:	0f000000 			@ <UNDEFINED> instruction: 0f000000
    *(--stack) = 0x11; // R11
 114:	5b040011 			@ <UNDEFINED> instruction: 5b040011
 118:	04000001 			@ <UNDEFINED> instruction: 04000001
 11c:	00a1030d 			@ <UNDEFINED> instruction: 00a1030d
    *(--stack) = 0x04; // R4
 120:	0f080000 			@ <UNDEFINED> instruction: 0f080000
 124:	0000011d 			@ <UNDEFINED> instruction: 0000011d
 128:	00019b03 			@ <UNDEFINED> instruction: 00019b03
    *(--stack) = 0x05; // R5
 12c:	009c1000 			@ <UNDEFINED> instruction: 009c1000
 130:	00180000 			@ <UNDEFINED> instruction: 00180000
 134:	5345520e 			@ <UNDEFINED> instruction: 5345520e
    *(--stack) = 0x06; // R6
 138:	17110400 			@ <UNDEFINED> instruction: 17110400
 13c:	0000009c 			@ <UNDEFINED> instruction: 0000009c
 140:	04001808 			@ <UNDEFINED> instruction: 04001808
    *(--stack) = 0x07; // R7
 144:	00000176 			@ <UNDEFINED> instruction: 00000176
 148:	fc031204 	stc2	2, cr1, [r3], {4}
 14c:	0f000000 			@ <UNDEFINED> instruction: 0f000000
}
 150:	000000b8 			@ <UNDEFINED> instruction: 000000b8
 154:	10060508 			@ <UNDEFINED> instruction: 10060508
void initSysTick() {
 158:	00000150 			@ <UNDEFINED> instruction: 00000150
    SYST_RVR->RELOAD = 0xFFFFFF;
 15c:	00707310 			@ <UNDEFINED> instruction: 00707310
 160:	500f0705 			@ <UNDEFINED> instruction: 500f0705
 164:	00000001 			@ <UNDEFINED> instruction: 00000001
    SYST_CSR->ENABLE = 1; 
 168:	00022e11 			@ <UNDEFINED> instruction: 00022e11
 16c:	13080500 			@ <UNDEFINED> instruction: 13080500
    SYST_CSR->TICKINT = 1;
 170:	00000155 			@ <UNDEFINED> instruction: 00000155
 174:	90050004 			@ <UNDEFINED> instruction: 90050004
 178:	05000000 			@ <UNDEFINED> instruction: 05000000
    SYST_CSR->CLKSOURCE = 1;
 17c:	00000129 			@ <UNDEFINED> instruction: 00000129
 180:	42435412 			@ <UNDEFINED> instruction: 42435412
}
 184:	03090500 			@ <UNDEFINED> instruction: 03090500
 188:	00000129 			@ <UNDEFINED> instruction: 00000129
 18c:	00013a01 			@ <UNDEFINED> instruction: 00013a01
 190:	0c0b0500 			@ <UNDEFINED> instruction: 0c0b0500
 194:	0000015a 			@ <UNDEFINED> instruction: 0000015a
void main() {
 198:	0001e701 			@ <UNDEFINED> instruction: 0001e701
 19c:	0c0c0500 			@ <UNDEFINED> instruction: 0c0c0500
    uint32_t *src = &__sidata;
 1a0:	0000015a 			@ <UNDEFINED> instruction: 0000015a
    uint32_t *dst = &__sdata;
 1a4:	0000dd01 			@ <UNDEFINED> instruction: 0000dd01
    uint32_t srcs = __sidata;
 1a8:	0c0d0500 			@ <UNDEFINED> instruction: 0c0d0500
    while(dst < &__edata) {
 1ac:	0000015a 			@ <UNDEFINED> instruction: 0000015a
        *dst++ = *src++;
 1b0:	0000e701 			@ <UNDEFINED> instruction: 0000e701
 1b4:	0d0e0500 			@ <UNDEFINED> instruction: 0d0e0500
 1b8:	00000196 			@ <UNDEFINED> instruction: 00000196
 1bc:	00015a05 			@ <UNDEFINED> instruction: 00015a05
    while(dst < &__edata) {
 1c0:	00901300 			@ <UNDEFINED> instruction: 00901300
 1c4:	01ab0000 			@ <UNDEFINED> instruction: 01ab0000
    dst = &__sbss;
 1c8:	7d140000 			@ <UNDEFINED> instruction: 7d140000
        *dst++ = 0;
 1cc:	3f000000 			@ <UNDEFINED> instruction: 3f000000
 1d0:	01170100 			@ <UNDEFINED> instruction: 01170100
 1d4:	11050000 			@ <UNDEFINED> instruction: 11050000
    while(dst < &__ebss) {
 1d8:	00019b11 			@ <UNDEFINED> instruction: 00019b11
 1dc:	01dc0100 			@ <UNDEFINED> instruction: 01dc0100
    task1_TCB.sp = initTask(&task1Stack[64], task1);
 1e0:	12050000 			@ <UNDEFINED> instruction: 12050000
 1e4:	00019b11 			@ <UNDEFINED> instruction: 00019b11
 1e8:	00ec0100 			@ <UNDEFINED> instruction: 00ec0100
 1ec:	13050000 			@ <UNDEFINED> instruction: 13050000
    task1_TCB.next = &task2_TCB;
 1f0:	00019b11 			@ <UNDEFINED> instruction: 00019b11
 1f4:	01c20100 			@ <UNDEFINED> instruction: 01c20100
    task2_TCB.sp = initTask(&task2Stack[64], task2);
 1f8:	07010000 			@ <UNDEFINED> instruction: 07010000
 1fc:	00009011 			@ <UNDEFINED> instruction: 00009011
 200:	01f10100 			@ <UNDEFINED> instruction: 01f10100
 204:	08010000 			@ <UNDEFINED> instruction: 08010000
    task2_TCB.next = &task3_TCB;
 208:	00009011 			@ <UNDEFINED> instruction: 00009011
 20c:	021e0100 			@ <UNDEFINED> instruction: 021e0100
    task3_TCB.sp = initTask(&task3Stack[64], task3);
 210:	09010000 			@ <UNDEFINED> instruction: 09010000
 214:	00009011 			@ <UNDEFINED> instruction: 00009011
 218:	01810100 			@ <UNDEFINED> instruction: 01810100
 21c:	0a010000 			@ <UNDEFINED> instruction: 0a010000
    task3_TCB.next = &task1_TCB;
 220:	00009011 			@ <UNDEFINED> instruction: 00009011
 224:	02330100 			@ <UNDEFINED> instruction: 02330100
    head = &task3_TCB;
 228:	0b010000 			@ <UNDEFINED> instruction: 0b010000
    initSysTick();
 22c:	00009011 			@ <UNDEFINED> instruction: 00009011
    while(1);
 230:	02030600 			@ <UNDEFINED> instruction: 02030600
 234:	090e0000 			@ <UNDEFINED> instruction: 090e0000
 238:	00000084 			@ <UNDEFINED> instruction: 00000084
 23c:	00000305 			@ <UNDEFINED> instruction: 00000305
 240:	f9062000 			@ <UNDEFINED> instruction: f9062000
 244:	0f000001 			@ <UNDEFINED> instruction: 0f000001
 248:	0000900a 			@ <UNDEFINED> instruction: 0000900a
 24c:	04030500 			@ <UNDEFINED> instruction: 04030500
 250:	06200000 			@ <UNDEFINED> instruction: 06200000
 254:	0000016c 			@ <UNDEFINED> instruction: 0000016c
 258:	00900a10 			@ <UNDEFINED> instruction: 00900a10
 25c:	03050000 			@ <UNDEFINED> instruction: 03050000
 260:	20000008 			@ <UNDEFINED> instruction: 20000008
 264:	00021406 			@ <UNDEFINED> instruction: 00021406
 268:	900a1100 			@ <UNDEFINED> instruction: 900a1100
 26c:	05000000 			@ <UNDEFINED> instruction: 05000000
void NMI_handler() {}
 270:	00000c03 			@ <UNDEFINED> instruction: 00000c03
 274:	00cd1520 			@ <UNDEFINED> instruction: 00cd1520
 278:	45010000 			@ <UNDEFINED> instruction: 45010000
void hardFault_handler() {}
 27c:	00019806 			@ <UNDEFINED> instruction: 00019806
 280:	0000d800 			@ <UNDEFINED> instruction: 0000d800
void SVCall_handler() {}
 284:	8f9c0100 			@ <UNDEFINED> instruction: 8f9c0100
 288:	09000002 			@ <UNDEFINED> instruction: 09000002
 28c:	00637273 			@ <UNDEFINED> instruction: 00637273
void sysTick_handler() {
 290:	00015047 			@ <UNDEFINED> instruction: 00015047
    ICSR = (1 << 28);
 294:	74910200 			@ <UNDEFINED> instruction: 74910200
 298:	74736409 			@ <UNDEFINED> instruction: 74736409
}
 29c:	01504800 			@ <UNDEFINED> instruction: 01504800
 2a0:	91020000 			@ <UNDEFINED> instruction: 91020000
    __asm volatile 
 2a4:	01ac1670 			@ <UNDEFINED> instruction: 01ac1670
 2a8:	4a010000 			@ <UNDEFINED> instruction: 4a010000
 2ac:	0000900e 			@ <UNDEFINED> instruction: 0000900e
 2b0:	6c910200 			@ <UNDEFINED> instruction: 6c910200
 2b4:	00a30700 			@ <UNDEFINED> instruction: 00a30700
 2b8:	583e0000 			@ <UNDEFINED> instruction: 583e0000
 2bc:	40000001 			@ <UNDEFINED> instruction: 40000001
 2c0:	01000000 			@ <UNDEFINED> instruction: 01000000
 2c4:	00af179c 			@ <UNDEFINED> instruction: 00af179c
 2c8:	29010000 			@ <UNDEFINED> instruction: 29010000
 2cc:	0001500b 			@ <UNDEFINED> instruction: 0001500b
 2d0:	00008000 			@ <UNDEFINED> instruction: 00008000
 2d4:	0000d800 			@ <UNDEFINED> instruction: 0000d800
 2d8:	d49c0100 			@ <UNDEFINED> instruction: d49c0100
 2dc:	0a000002 			@ <UNDEFINED> instruction: 0a000002
 2e0:	00000166 			@ <UNDEFINED> instruction: 00000166
 2e4:	0001501e 			@ <UNDEFINED> instruction: 0001501e
 2e8:	74910200 			@ <UNDEFINED> instruction: 74910200
 2ec:	0000c80a 			@ <UNDEFINED> instruction: 0000c80a
 2f0:	02d52c00 			@ <UNDEFINED> instruction: 02d52c00
 2f4:	91020000 			@ <UNDEFINED> instruction: 91020000
 2f8:	05180070 			@ <UNDEFINED> instruction: 05180070
 2fc:	000002d4 	ldrdeq	r0, [r0], -r4
 300:	0001d607 			@ <UNDEFINED> instruction: 0001d607
 304:	006c2200 			@ <UNDEFINED> instruction: 006c2200
 308:	00140000 			@ <UNDEFINED> instruction: 00140000
 30c:	9c010000 			@ <UNDEFINED> instruction: 9c010000
 310:	0001d007 			@ <UNDEFINED> instruction: 0001d007
 314:	00581b00 			@ <UNDEFINED> instruction: 00581b00
 318:	00140000 			@ <UNDEFINED> instruction: 00140000
 31c:	9c010000 			@ <UNDEFINED> instruction: 9c010000
 320:	0001ca07 			@ <UNDEFINED> instruction: 0001ca07
 324:	00441400 			@ <UNDEFINED> instruction: 00441400
 328:	00140000 			@ <UNDEFINED> instruction: 00140000
 32c:	9c010000 			@ <UNDEFINED> instruction: 9c010000
 330:	0000d100 			@ <UNDEFINED> instruction: 0000d100
 334:	01000500 			@ <UNDEFINED> instruction: 01000500
 338:	0001a004 			@ <UNDEFINED> instruction: 0001a004
 33c:	004b0400 			@ <UNDEFINED> instruction: 004b0400
 340:	861d0000 			@ <UNDEFINED> instruction: 861d0000
 344:	07000002 			@ <UNDEFINED> instruction: 07000002
 348:	70000000 			@ <UNDEFINED> instruction: 70000000
 34c:	84000002 			@ <UNDEFINED> instruction: 84000002
 350:	19000000 			@ <UNDEFINED> instruction: 19000000
 354:	01000002 			@ <UNDEFINED> instruction: 01000002
 358:	012e0601 			@ <UNDEFINED> instruction: 012e0601
 35c:	01010000 			@ <UNDEFINED> instruction: 01010000
 360:	00012c08 			@ <UNDEFINED> instruction: 00012c08
 364:	05020100 			@ <UNDEFINED> instruction: 05020100
 368:	000000be 			@ <UNDEFINED> instruction: 000000be
 36c:	88070201 			@ <UNDEFINED> instruction: 88070201
 370:	01000001 			@ <UNDEFINED> instruction: 01000001
 374:	010e0504 			@ <UNDEFINED> instruction: 010e0504
 378:	d2030000 			@ <UNDEFINED> instruction: d2030000
 37c:	02000000 			@ <UNDEFINED> instruction: 02000000
 380:	0055194f 			@ <UNDEFINED> instruction: 0055194f
 384:	04010000 			@ <UNDEFINED> instruction: 04010000
 388:	00014907 			@ <UNDEFINED> instruction: 00014907
 38c:	05080100 			@ <UNDEFINED> instruction: 05080100
 390:	00000109 			@ <UNDEFINED> instruction: 00000109
 394:	44070801 			@ <UNDEFINED> instruction: 44070801
 398:	05000001 			@ <UNDEFINED> instruction: 05000001
 39c:	6e690504 			@ <UNDEFINED> instruction: 6e690504
 3a0:	04010074 			@ <UNDEFINED> instruction: 04010074
 3a4:	00014e07 			@ <UNDEFINED> instruction: 00014e07
 3a8:	00d40300 			@ <UNDEFINED> instruction: 00d40300
 3ac:	30030000 			@ <UNDEFINED> instruction: 30030000
 3b0:	00004914 			@ <UNDEFINED> instruction: 00004914
 3b4:	02680200 			@ <UNDEFINED> instruction: 02680200
 3b8:	a44b0000 			@ <UNDEFINED> instruction: a44b0000
 3bc:	50000002 			@ <UNDEFINED> instruction: 50000002
 3c0:	01000000 			@ <UNDEFINED> instruction: 01000000
 3c4:	023a029c 			@ <UNDEFINED> instruction: 023a029c
 3c8:	8e130000 			@ <UNDEFINED> instruction: 8e130000
 3cc:	16000002 			@ <UNDEFINED> instruction: 16000002
 3d0:	01000000 			@ <UNDEFINED> instruction: 01000000
 3d4:	0277029c 			@ <UNDEFINED> instruction: 0277029c
 3d8:	840e0000 			@ <UNDEFINED> instruction: 840e0000
 3dc:	0a000002 			@ <UNDEFINED> instruction: 0a000002
 3e0:	01000000 			@ <UNDEFINED> instruction: 01000000
 3e4:	0256029c 			@ <UNDEFINED> instruction: 0256029c
 3e8:	7a0d0000 			@ <UNDEFINED> instruction: 7a0d0000
 3ec:	0a000002 			@ <UNDEFINED> instruction: 0a000002
 3f0:	01000000 			@ <UNDEFINED> instruction: 01000000
 3f4:	024a029c 			@ <UNDEFINED> instruction: 024a029c
 3f8:	700c0000 			@ <UNDEFINED> instruction: 700c0000
 3fc:	0a000002 			@ <UNDEFINED> instruction: 0a000002
 400:	01000000 			@ <UNDEFINED> instruction: 01000000
 404:	0173009c 			@ <UNDEFINED> instruction: 0173009c
 408:	00050000 			@ <UNDEFINED> instruction: 00050000
 40c:	01f20401 			@ <UNDEFINED> instruction: 01f20401
 410:	4b060000 			@ <UNDEFINED> instruction: 4b060000
 414:	1d000000 			@ <UNDEFINED> instruction: 1d000000
 418:	00000293 			@ <UNDEFINED> instruction: 00000293
 41c:	00000007 			@ <UNDEFINED> instruction: 00000007
 420:	0000035a 			@ <UNDEFINED> instruction: 0000035a
 424:	2e060101 			@ <UNDEFINED> instruction: 2e060101
 428:	01000001 			@ <UNDEFINED> instruction: 01000001
 42c:	012c0801 			@ <UNDEFINED> instruction: 012c0801
 430:	02010000 			@ <UNDEFINED> instruction: 02010000
 434:	0000be05 			@ <UNDEFINED> instruction: 0000be05
 438:	07020100 			@ <UNDEFINED> instruction: 07020100
 43c:	00000188 			@ <UNDEFINED> instruction: 00000188
 440:	0e050401 			@ <UNDEFINED> instruction: 0e050401
 444:	05000001 			@ <UNDEFINED> instruction: 05000001
 448:	000000d2 	ldrdeq	r0, [r0], -r2
 44c:	4d194f02 			@ <UNDEFINED> instruction: 4d194f02
 450:	01000000 			@ <UNDEFINED> instruction: 01000000
 454:	01490704 			@ <UNDEFINED> instruction: 01490704
 458:	08010000 			@ <UNDEFINED> instruction: 08010000
 45c:	00010905 			@ <UNDEFINED> instruction: 00010905
 460:	07080100 			@ <UNDEFINED> instruction: 07080100
 464:	00000144 			@ <UNDEFINED> instruction: 00000144
 468:	69050407 			@ <UNDEFINED> instruction: 69050407
 46c:	0100746e 			@ <UNDEFINED> instruction: 0100746e
 470:	014e0704 			@ <UNDEFINED> instruction: 014e0704
 474:	d4050000 			@ <UNDEFINED> instruction: d4050000
 478:	03000000 			@ <UNDEFINED> instruction: 03000000
 47c:	00411430 			@ <UNDEFINED> instruction: 00411430
 480:	b8080000 			@ <UNDEFINED> instruction: b8080000
 484:	08000000 			@ <UNDEFINED> instruction: 08000000
 488:	a3100604 			@ <UNDEFINED> instruction: a3100604
 48c:	09000000 			@ <UNDEFINED> instruction: 09000000
 490:	04007073 			@ <UNDEFINED> instruction: 04007073
 494:	00a30f07 			@ <UNDEFINED> instruction: 00a30f07
 498:	0a000000 			@ <UNDEFINED> instruction: 0a000000
 49c:	0000022e 			@ <UNDEFINED> instruction: 0000022e
 4a0:	a8130804 			@ <UNDEFINED> instruction: a8130804
 4a4:	04000000 			@ <UNDEFINED> instruction: 04000000
 4a8:	00700400 			@ <UNDEFINED> instruction: 00700400
 4ac:	7c040000 			@ <UNDEFINED> instruction: 7c040000
 4b0:	0b000000 			@ <UNDEFINED> instruction: 0b000000
 4b4:	00424354 			@ <UNDEFINED> instruction: 00424354
 4b8:	7c030904 			@ <UNDEFINED> instruction: 7c030904
 4bc:	02000000 			@ <UNDEFINED> instruction: 02000000
 4c0:	0000013a 			@ <UNDEFINED> instruction: 0000013a
 4c4:	00ad0c0b 			@ <UNDEFINED> instruction: 00ad0c0b
 4c8:	e7020000 			@ <UNDEFINED> instruction: e7020000
 4cc:	0c000001 			@ <UNDEFINED> instruction: 0c000001
 4d0:	0000ad0c 			@ <UNDEFINED> instruction: 0000ad0c
 4d4:	00dd0200 			@ <UNDEFINED> instruction: 00dd0200
 4d8:	0c0d0000 			@ <UNDEFINED> instruction: 0c0d0000
 4dc:	000000ad 			@ <UNDEFINED> instruction: 000000ad
 4e0:	0000e702 			@ <UNDEFINED> instruction: 0000e702
 4e4:	e50d0e00 			@ <UNDEFINED> instruction: e50d0e00
 4e8:	04000000 			@ <UNDEFINED> instruction: 04000000
 4ec:	000000ad 			@ <UNDEFINED> instruction: 000000ad
 4f0:	0000700c 			@ <UNDEFINED> instruction: 0000700c
 4f4:	0000fa00 			@ <UNDEFINED> instruction: 0000fa00
 4f8:	00690d00 			@ <UNDEFINED> instruction: 00690d00
 4fc:	003f0000 			@ <UNDEFINED> instruction: 003f0000
 500:	00011702 			@ <UNDEFINED> instruction: 00011702
 504:	ea111100 			@ <UNDEFINED> instruction: ea111100
 508:	02000000 			@ <UNDEFINED> instruction: 02000000
 50c:	000001dc 	ldrdeq	r0, [r0], -ip
 510:	00ea1112 			@ <UNDEFINED> instruction: 00ea1112
 514:	ec020000 			@ <UNDEFINED> instruction: ec020000
 518:	13000000 			@ <UNDEFINED> instruction: 13000000
 51c:	0000ea11 			@ <UNDEFINED> instruction: 0000ea11
 520:	00b90300 			@ <UNDEFINED> instruction: 00b90300
 524:	05030000 			@ <UNDEFINED> instruction: 05030000
 528:	00100305 			@ <UNDEFINED> instruction: 00100305
 52c:	c4032000 			@ <UNDEFINED> instruction: c4032000
 530:	04000000 			@ <UNDEFINED> instruction: 04000000
 534:	18030505 			@ <UNDEFINED> instruction: 18030505
 538:	03200000 			@ <UNDEFINED> instruction: 03200000
 53c:	000000cf 			@ <UNDEFINED> instruction: 000000cf
 540:	03050505 			@ <UNDEFINED> instruction: 03050505
 544:	20000020 			@ <UNDEFINED> instruction: 20000020
 548:	0000da03 			@ <UNDEFINED> instruction: 0000da03
 54c:	05060600 			@ <UNDEFINED> instruction: 05060600
 550:	00002803 			@ <UNDEFINED> instruction: 00002803
 554:	00fa0320 			@ <UNDEFINED> instruction: 00fa0320
 558:	0a090000 			@ <UNDEFINED> instruction: 0a090000
 55c:	002c0305 			@ <UNDEFINED> instruction: 002c0305
 560:	05032000 			@ <UNDEFINED> instruction: 05032000
 564:	0a000001 			@ <UNDEFINED> instruction: 0a000001
 568:	2c03050a 			@ <UNDEFINED> instruction: 2c03050a
 56c:	03200001 			@ <UNDEFINED> instruction: 03200001
 570:	00000110 			@ <UNDEFINED> instruction: 00000110
 574:	03050a0b 			@ <UNDEFINED> instruction: 03050a0b
 578:	2000022c 			@ <UNDEFINED> instruction: 2000022c
	...

Disassembly of section .debug_abbrev:

00000000 <.debug_abbrev>:
   0:	10001101 			@ <UNDEFINED> instruction: 10001101
   4:	12011106 			@ <UNDEFINED> instruction: 12011106
   8:	1b0e0301 			@ <UNDEFINED> instruction: 1b0e0301
   c:	130e250e 			@ <UNDEFINED> instruction: 130e250e
  10:	00000005 			@ <UNDEFINED> instruction: 00000005
  14:	03003401 			@ <UNDEFINED> instruction: 03003401
  18:	3b0b3a0e 			@ <UNDEFINED> instruction: 3b0b3a0e
  1c:	490b390b 			@ <UNDEFINED> instruction: 490b390b
  20:	3c193f13 			@ <UNDEFINED> instruction: 3c193f13
  24:	02000019 			@ <UNDEFINED> instruction: 02000019
  28:	0b0b0024 			@ <UNDEFINED> instruction: 0b0b0024
  2c:	0e030b3e 	vmoveq.16	d3[0], r0
  30:	0d030000 			@ <UNDEFINED> instruction: 0d030000
  34:	3a0e0300 			@ <UNDEFINED> instruction: 3a0e0300
  38:	0b3b0421 			@ <UNDEFINED> instruction: 0b3b0421
  3c:	49172139 			@ <UNDEFINED> instruction: 49172139
  40:	6b0b0d13 			@ <UNDEFINED> instruction: 6b0b0d13
void task1() {
  44:	0400000b 			@ <UNDEFINED> instruction: 0400000b
        task1Data += 1;
  48:	0e030016 			@ <UNDEFINED> instruction: 0e030016
  4c:	0b3b0b3a 			@ <UNDEFINED> instruction: 0b3b0b3a
  50:	13490b39 			@ <UNDEFINED> instruction: 13490b39
  54:	0f050000 			@ <UNDEFINED> instruction: 0f050000
void task2() {
  58:	04210b00 			@ <UNDEFINED> instruction: 04210b00
        task2Data += 1;
  5c:	00001349 			@ <UNDEFINED> instruction: 00001349
  60:	03003406 			@ <UNDEFINED> instruction: 03003406
  64:	01213a0e 			@ <UNDEFINED> instruction: 01213a0e
  68:	0b390b3b 			@ <UNDEFINED> instruction: 0b390b3b
void task3() {
  6c:	193f1349 			@ <UNDEFINED> instruction: 193f1349
        task3Data += 1;
  70:	00001802 			@ <UNDEFINED> instruction: 00001802
  74:	3f002e07 			@ <UNDEFINED> instruction: 3f002e07
  78:	3a0e0319 			@ <UNDEFINED> instruction: 3a0e0319
  7c:	0b3b0121 			@ <UNDEFINED> instruction: 0b3b0121
uint32_t* initTask(uint32_t* stack, void (*task)(void)) {
  80:	11062139 			@ <UNDEFINED> instruction: 11062139
  84:	40061201 			@ <UNDEFINED> instruction: 40061201
  88:	00197a18 			@ <UNDEFINED> instruction: 00197a18
    *(--stack) = 0x01000000; // xPSR ->Thumb mode bit set
  8c:	01130800 			@ <UNDEFINED> instruction: 01130800
  90:	3a04210b 			@ <UNDEFINED> instruction: 3a04210b
  94:	0b3b0421 			@ <UNDEFINED> instruction: 0b3b0421
    *(--stack) = (uint32_t)task; // PC
  98:	01092139 			@ <UNDEFINED> instruction: 01092139
  9c:	09000013 			@ <UNDEFINED> instruction: 09000013
  a0:	08030034 			@ <UNDEFINED> instruction: 08030034
    *(--stack) = 0xFFFFFFFD; // LR -> Use MSP on exit
  a4:	3b01213a 			@ <UNDEFINED> instruction: 3b01213a
  a8:	0f21390b 			@ <UNDEFINED> instruction: 0f21390b
  ac:	18021349 			@ <UNDEFINED> instruction: 18021349
  b0:	050a0000 			@ <UNDEFINED> instruction: 050a0000
    *(--stack) = 0x12; // R12
  b4:	3a0e0300 			@ <UNDEFINED> instruction: 3a0e0300
  b8:	213b0121 			@ <UNDEFINED> instruction: 213b0121
  bc:	490b3929 			@ <UNDEFINED> instruction: 490b3929
    *(--stack) = 0x00; // R0
  c0:	00180213 			@ <UNDEFINED> instruction: 00180213
  c4:	01110b00 			@ <UNDEFINED> instruction: 01110b00
  c8:	0b130e25 			@ <UNDEFINED> instruction: 0b130e25
    *(--stack) = 0x01; // R1
  cc:	0e1b0e03 			@ <UNDEFINED> instruction: 0e1b0e03
  d0:	06120111 			@ <UNDEFINED> instruction: 06120111
  d4:	00001710 			@ <UNDEFINED> instruction: 00001710
    *(--stack) = 0x02; // R2
  d8:	0b00240c 			@ <UNDEFINED> instruction: 0b00240c
  dc:	030b3e0b 			@ <UNDEFINED> instruction: 030b3e0b
  e0:	0d000008 			@ <UNDEFINED> instruction: 0d000008
    *(--stack) = 0x03; // R3
  e4:	13490035 			@ <UNDEFINED> instruction: 13490035
  e8:	0d0e0000 			@ <UNDEFINED> instruction: 0d0e0000
  ec:	3a080300 			@ <UNDEFINED> instruction: 3a080300
    *(--stack) = 0x08; // R8
  f0:	390b3b0b 			@ <UNDEFINED> instruction: 390b3b0b
  f4:	0d13490b 			@ <UNDEFINED> instruction: 0d13490b
  f8:	000b6b0b 			@ <UNDEFINED> instruction: 000b6b0b
    *(--stack) = 0x09; // R9
  fc:	01130f00 			@ <UNDEFINED> instruction: 01130f00
 100:	0b0b0e03 			@ <UNDEFINED> instruction: 0b0b0e03
 104:	0b3b0b3a 			@ <UNDEFINED> instruction: 0b3b0b3a
    *(--stack) = 0x10; // R10
 108:	13010b39 			@ <UNDEFINED> instruction: 13010b39
 10c:	0d100000 			@ <UNDEFINED> instruction: 0d100000
 110:	3a080300 			@ <UNDEFINED> instruction: 3a080300
    *(--stack) = 0x11; // R11
 114:	390b3b0b 			@ <UNDEFINED> instruction: 390b3b0b
 118:	3813490b 			@ <UNDEFINED> instruction: 3813490b
 11c:	1100000b 			@ <UNDEFINED> instruction: 1100000b
    *(--stack) = 0x04; // R4
 120:	0e03000d 			@ <UNDEFINED> instruction: 0e03000d
 124:	0b3b0b3a 			@ <UNDEFINED> instruction: 0b3b0b3a
 128:	13490b39 			@ <UNDEFINED> instruction: 13490b39
    *(--stack) = 0x05; // R5
 12c:	00000b38 			@ <UNDEFINED> instruction: 00000b38
 130:	03001612 			@ <UNDEFINED> instruction: 03001612
 134:	3b0b3a08 			@ <UNDEFINED> instruction: 3b0b3a08
    *(--stack) = 0x06; // R6
 138:	490b390b 			@ <UNDEFINED> instruction: 490b390b
 13c:	13000013 			@ <UNDEFINED> instruction: 13000013
 140:	13490101 			@ <UNDEFINED> instruction: 13490101
    *(--stack) = 0x07; // R7
 144:	00001301 			@ <UNDEFINED> instruction: 00001301
 148:	49002114 			@ <UNDEFINED> instruction: 49002114
 14c:	000b2f13 			@ <UNDEFINED> instruction: 000b2f13
}
 150:	012e1500 			@ <UNDEFINED> instruction: 012e1500
 154:	0e03193f 			@ <UNDEFINED> instruction: 0e03193f
void initSysTick() {
 158:	0b3b0b3a 			@ <UNDEFINED> instruction: 0b3b0b3a
    SYST_RVR->RELOAD = 0xFFFFFF;
 15c:	01110b39 			@ <UNDEFINED> instruction: 01110b39
 160:	18400612 			@ <UNDEFINED> instruction: 18400612
 164:	1301197c 			@ <UNDEFINED> instruction: 1301197c
    SYST_CSR->ENABLE = 1; 
 168:	34160000 			@ <UNDEFINED> instruction: 34160000
 16c:	3a0e0300 			@ <UNDEFINED> instruction: 3a0e0300
    SYST_CSR->TICKINT = 1;
 170:	390b3b0b 			@ <UNDEFINED> instruction: 390b3b0b
 174:	0213490b 			@ <UNDEFINED> instruction: 0213490b
 178:	17000018 	smladne	r0, r8, r0, r0
    SYST_CSR->CLKSOURCE = 1;
 17c:	193f012e 			@ <UNDEFINED> instruction: 193f012e
 180:	0b3a0e03 			@ <UNDEFINED> instruction: 0b3a0e03
}
 184:	0b390b3b 			@ <UNDEFINED> instruction: 0b390b3b
 188:	13491927 			@ <UNDEFINED> instruction: 13491927
 18c:	06120111 			@ <UNDEFINED> instruction: 06120111
 190:	197a1840 			@ <UNDEFINED> instruction: 197a1840
 194:	00001301 			@ <UNDEFINED> instruction: 00001301
void main() {
 198:	27001518 	smladcs	r0, r8, r5, r1
 19c:	00000019 			@ <UNDEFINED> instruction: 00000019
    uint32_t *src = &__sidata;
 1a0:	0b002401 			@ <UNDEFINED> instruction: 0b002401
    uint32_t *dst = &__sdata;
 1a4:	030b3e0b 			@ <UNDEFINED> instruction: 030b3e0b
    uint32_t srcs = __sidata;
 1a8:	0200000e 			@ <UNDEFINED> instruction: 0200000e
    while(dst < &__edata) {
 1ac:	193f002e 			@ <UNDEFINED> instruction: 193f002e
        *dst++ = *src++;
 1b0:	213a0e03 			@ <UNDEFINED> instruction: 213a0e03
 1b4:	390b3b01 			@ <UNDEFINED> instruction: 390b3b01
 1b8:	01110621 			@ <UNDEFINED> instruction: 01110621
 1bc:	18400612 			@ <UNDEFINED> instruction: 18400612
    while(dst < &__edata) {
 1c0:	0000197a 			@ <UNDEFINED> instruction: 0000197a
 1c4:	03001603 			@ <UNDEFINED> instruction: 03001603
    dst = &__sbss;
 1c8:	3b0b3a0e 			@ <UNDEFINED> instruction: 3b0b3a0e
        *dst++ = 0;
 1cc:	490b390b 			@ <UNDEFINED> instruction: 490b390b
 1d0:	04000013 			@ <UNDEFINED> instruction: 04000013
 1d4:	0e250111 			@ <UNDEFINED> instruction: 0e250111
    while(dst < &__ebss) {
 1d8:	0e030b13 	vmoveq.32	d3[0], r0
 1dc:	01110e1b 			@ <UNDEFINED> instruction: 01110e1b
    task1_TCB.sp = initTask(&task1Stack[64], task1);
 1e0:	17100612 			@ <UNDEFINED> instruction: 17100612
 1e4:	24050000 			@ <UNDEFINED> instruction: 24050000
 1e8:	3e0b0b00 	vmlacc.f64	d0, d11, d0
 1ec:	0008030b 			@ <UNDEFINED> instruction: 0008030b
    task1_TCB.next = &task2_TCB;
 1f0:	24010000 			@ <UNDEFINED> instruction: 24010000
 1f4:	3e0b0b00 	vmlacc.f64	d0, d11, d0
    task2_TCB.sp = initTask(&task2Stack[64], task2);
 1f8:	000e030b 			@ <UNDEFINED> instruction: 000e030b
 1fc:	00340200 			@ <UNDEFINED> instruction: 00340200
 200:	213a0e03 			@ <UNDEFINED> instruction: 213a0e03
 204:	390b3b04 			@ <UNDEFINED> instruction: 390b3b04
    task2_TCB.next = &task3_TCB;
 208:	3f13490b 			@ <UNDEFINED> instruction: 3f13490b
 20c:	00193c19 			@ <UNDEFINED> instruction: 00193c19
    task3_TCB.sp = initTask(&task3Stack[64], task3);
 210:	00340300 			@ <UNDEFINED> instruction: 00340300
 214:	213a1347 			@ <UNDEFINED> instruction: 213a1347
 218:	390b3b01 			@ <UNDEFINED> instruction: 390b3b01
 21c:	0018020b 			@ <UNDEFINED> instruction: 0018020b
    task3_TCB.next = &task1_TCB;
 220:	000f0400 			@ <UNDEFINED> instruction: 000f0400
 224:	4904210b 			@ <UNDEFINED> instruction: 4904210b
    head = &task3_TCB;
 228:	05000013 			@ <UNDEFINED> instruction: 05000013
    initSysTick();
 22c:	0e030016 			@ <UNDEFINED> instruction: 0e030016
    while(1);
 230:	0b3b0b3a 			@ <UNDEFINED> instruction: 0b3b0b3a
 234:	13490b39 			@ <UNDEFINED> instruction: 13490b39
 238:	11060000 			@ <UNDEFINED> instruction: 11060000
 23c:	130e2501 			@ <UNDEFINED> instruction: 130e2501
 240:	1b0e030b 			@ <UNDEFINED> instruction: 1b0e030b
 244:	0017100e 			@ <UNDEFINED> instruction: 0017100e
 248:	00240700 			@ <UNDEFINED> instruction: 00240700
 24c:	0b3e0b0b 			@ <UNDEFINED> instruction: 0b3e0b0b
 250:	00000803 			@ <UNDEFINED> instruction: 00000803
 254:	03011308 			@ <UNDEFINED> instruction: 03011308
 258:	3a0b0b0e 			@ <UNDEFINED> instruction: 3a0b0b0e
 25c:	390b3b0b 			@ <UNDEFINED> instruction: 390b3b0b
 260:	0013010b 			@ <UNDEFINED> instruction: 0013010b
 264:	000d0900 			@ <UNDEFINED> instruction: 000d0900
 268:	0b3a0803 			@ <UNDEFINED> instruction: 0b3a0803
 26c:	0b390b3b 			@ <UNDEFINED> instruction: 0b390b3b
void NMI_handler() {}
 270:	0b381349 			@ <UNDEFINED> instruction: 0b381349
 274:	0d0a0000 			@ <UNDEFINED> instruction: 0d0a0000
 278:	3a0e0300 			@ <UNDEFINED> instruction: 3a0e0300
void hardFault_handler() {}
 27c:	390b3b0b 			@ <UNDEFINED> instruction: 390b3b0b
 280:	3813490b 			@ <UNDEFINED> instruction: 3813490b
void SVCall_handler() {}
 284:	0b00000b 			@ <UNDEFINED> instruction: 0b00000b
 288:	08030016 			@ <UNDEFINED> instruction: 08030016
 28c:	0b3b0b3a 			@ <UNDEFINED> instruction: 0b3b0b3a
void sysTick_handler() {
 290:	13490b39 			@ <UNDEFINED> instruction: 13490b39
    ICSR = (1 << 28);
 294:	010c0000 			@ <UNDEFINED> instruction: 010c0000
 298:	01134901 			@ <UNDEFINED> instruction: 01134901
}
 29c:	0d000013 			@ <UNDEFINED> instruction: 0d000013
 2a0:	13490021 			@ <UNDEFINED> instruction: 13490021
    __asm volatile 
 2a4:	00000b2f 			@ <UNDEFINED> instruction: 00000b2f
	...

Disassembly of section .debug_aranges:

00000000 <.debug_aranges>:
   0:	0000001c 			@ <UNDEFINED> instruction: 0000001c
   4:	00000002 			@ <UNDEFINED> instruction: 00000002
   8:	00040000 			@ <UNDEFINED> instruction: 00040000
   c:	00000000 			@ <UNDEFINED> instruction: 00000000
  10:	00000040 			@ <UNDEFINED> instruction: 00000040
  14:	00000004 			@ <UNDEFINED> instruction: 00000004
	...
  20:	0000001c 			@ <UNDEFINED> instruction: 0000001c
  24:	00260002 			@ <UNDEFINED> instruction: 00260002
  28:	00040000 			@ <UNDEFINED> instruction: 00040000
  2c:	00000000 			@ <UNDEFINED> instruction: 00000000
  30:	00000044 			@ <UNDEFINED> instruction: 00000044
  34:	0000022c 			@ <UNDEFINED> instruction: 0000022c
	...
  40:	0000001c 			@ <UNDEFINED> instruction: 0000001c
void task1() {
  44:	03310002 			@ <UNDEFINED> instruction: 03310002
        task1Data += 1;
  48:	00040000 			@ <UNDEFINED> instruction: 00040000
  4c:	00000000 			@ <UNDEFINED> instruction: 00000000
  50:	00000270 			@ <UNDEFINED> instruction: 00000270
  54:	00000084 			@ <UNDEFINED> instruction: 00000084
	...
        task2Data += 1;
  60:	00000014 			@ <UNDEFINED> instruction: 00000014
  64:	04060002 			@ <UNDEFINED> instruction: 04060002
  68:	00040000 			@ <UNDEFINED> instruction: 00040000
	...

Disassembly of section .debug_str:

00000000 <.debug_str>:
   0:	746f6f62 			@ <UNDEFINED> instruction: 746f6f62
   4:	4300732e 			@ <UNDEFINED> instruction: 4300732e
   8:	73555c3a 			@ <UNDEFINED> instruction: 73555c3a
   c:	5c737265 			@ <UNDEFINED> instruction: 5c737265
  10:	7375614b 			@ <UNDEFINED> instruction: 7375614b
  14:	5c6b6968 			@ <UNDEFINED> instruction: 5c6b6968
  18:	44656e4f 			@ <UNDEFINED> instruction: 44656e4f
  1c:	65766972 			@ <UNDEFINED> instruction: 65766972
  20:	7365445c 			@ <UNDEFINED> instruction: 7365445c
  24:	706f746b 			@ <UNDEFINED> instruction: 706f746b
  28:	726f575c 			@ <UNDEFINED> instruction: 726f575c
  2c:	6170736b 			@ <UNDEFINED> instruction: 6170736b
  30:	535c6563 			@ <UNDEFINED> instruction: 535c6563
  34:	64656863 			@ <UNDEFINED> instruction: 64656863
  38:	72656c75 			@ <UNDEFINED> instruction: 72656c75
  3c:	554e4700 			@ <UNDEFINED> instruction: 554e4700
  40:	20534120 			@ <UNDEFINED> instruction: 20534120
void task1() {
  44:	34342e32 			@ <UNDEFINED> instruction: 34342e32
        task1Data += 1;
  48:	4700302e 			@ <UNDEFINED> instruction: 4700302e
  4c:	4320554e 			@ <UNDEFINED> instruction: 4320554e
  50:	31203731 			@ <UNDEFINED> instruction: 31203731
  54:	2e332e34 			@ <UNDEFINED> instruction: 2e332e34
void task2() {
  58:	30322031 			@ <UNDEFINED> instruction: 30322031
        task2Data += 1;
  5c:	36303532 			@ <UNDEFINED> instruction: 36303532
  60:	2d203332 			@ <UNDEFINED> instruction: 2d203332
  64:	7570636d 			@ <UNDEFINED> instruction: 7570636d
  68:	726f633d 			@ <UNDEFINED> instruction: 726f633d
void task3() {
  6c:	2d786574 			@ <UNDEFINED> instruction: 2d786574
        task3Data += 1;
  70:	6c70306d 			@ <UNDEFINED> instruction: 6c70306d
  74:	2d207375 			@ <UNDEFINED> instruction: 2d207375
  78:	7568746d 			@ <UNDEFINED> instruction: 7568746d
  7c:	2d20626d 			@ <UNDEFINED> instruction: 2d20626d
uint32_t* initTask(uint32_t* stack, void (*task)(void)) {
  80:	6f6c666d 			@ <UNDEFINED> instruction: 6f6c666d
  84:	612d7461 			@ <UNDEFINED> instruction: 612d7461
  88:	733d6962 			@ <UNDEFINED> instruction: 733d6962
    *(--stack) = 0x01000000; // xPSR ->Thumb mode bit set
  8c:	2074666f 			@ <UNDEFINED> instruction: 2074666f
  90:	72616d2d 			@ <UNDEFINED> instruction: 72616d2d
  94:	613d6863 			@ <UNDEFINED> instruction: 613d6863
    *(--stack) = (uint32_t)task; // PC
  98:	36766d72 			@ <UNDEFINED> instruction: 36766d72
  9c:	206d2d73 			@ <UNDEFINED> instruction: 206d2d73
  a0:	6900672d 			@ <UNDEFINED> instruction: 6900672d
    *(--stack) = 0xFFFFFFFD; // LR -> Use MSP on exit
  a4:	5374696e 			@ <UNDEFINED> instruction: 5374696e
  a8:	69547379 			@ <UNDEFINED> instruction: 69547379
  ac:	69006b63 			@ <UNDEFINED> instruction: 69006b63
  b0:	5474696e 			@ <UNDEFINED> instruction: 5474696e
    *(--stack) = 0x12; // R12
  b4:	006b7361 			@ <UNDEFINED> instruction: 006b7361
  b8:	5f424354 			@ <UNDEFINED> instruction: 5f424354
  bc:	68730074 			@ <UNDEFINED> instruction: 68730074
    *(--stack) = 0x00; // R0
  c0:	2074726f 			@ <UNDEFINED> instruction: 2074726f
  c4:	00746e69 			@ <UNDEFINED> instruction: 00746e69
  c8:	6b736174 			@ <UNDEFINED> instruction: 6b736174
    *(--stack) = 0x01; // R1
  cc:	69616d00 			@ <UNDEFINED> instruction: 69616d00
  d0:	5f5f006e 			@ <UNDEFINED> instruction: 5f5f006e
  d4:	746e6975 			@ <UNDEFINED> instruction: 746e6975
    *(--stack) = 0x02; // R2
  d8:	745f3233 			@ <UNDEFINED> instruction: 745f3233
  dc:	73617400 			@ <UNDEFINED> instruction: 73617400
  e0:	545f336b 			@ <UNDEFINED> instruction: 545f336b
    *(--stack) = 0x03; // R3
  e4:	68004243 			@ <UNDEFINED> instruction: 68004243
  e8:	00646165 			@ <UNDEFINED> instruction: 00646165
  ec:	6b736174 			@ <UNDEFINED> instruction: 6b736174
    *(--stack) = 0x08; // R8
  f0:	61745333 			@ <UNDEFINED> instruction: 61745333
  f4:	54006b63 			@ <UNDEFINED> instruction: 54006b63
  f8:	494b4349 			@ <UNDEFINED> instruction: 494b4349
    *(--stack) = 0x09; // R9
  fc:	5200544e 			@ <UNDEFINED> instruction: 5200544e
 100:	00315345 			@ <UNDEFINED> instruction: 00315345
 104:	32534552 			@ <UNDEFINED> instruction: 32534552
    *(--stack) = 0x10; // R10
 108:	6e6f6c00 			@ <UNDEFINED> instruction: 6e6f6c00
 10c:	6f6c2067 			@ <UNDEFINED> instruction: 6f6c2067
 110:	6920676e 			@ <UNDEFINED> instruction: 6920676e
    *(--stack) = 0x11; // R11
 114:	7400746e 			@ <UNDEFINED> instruction: 7400746e
 118:	316b7361 			@ <UNDEFINED> instruction: 316b7361
 11c:	63617453 			@ <UNDEFINED> instruction: 63617453
    *(--stack) = 0x04; // R4
 120:	5f5f006b 			@ <UNDEFINED> instruction: 5f5f006b
 124:	746e6975 			@ <UNDEFINED> instruction: 746e6975
 128:	00745f38 			@ <UNDEFINED> instruction: 00745f38
    *(--stack) = 0x05; // R5
 12c:	69736e75 			@ <UNDEFINED> instruction: 69736e75
 130:	64656e67 			@ <UNDEFINED> instruction: 64656e67
 134:	61686320 			@ <UNDEFINED> instruction: 61686320
    *(--stack) = 0x06; // R6
 138:	61740072 			@ <UNDEFINED> instruction: 61740072
 13c:	5f316b73 			@ <UNDEFINED> instruction: 5f316b73
 140:	00424354 			@ <UNDEFINED> instruction: 00424354
    *(--stack) = 0x07; // R7
 144:	676e6f6c 			@ <UNDEFINED> instruction: 676e6f6c
 148:	6e6f6c20 			@ <UNDEFINED> instruction: 6e6f6c20
 14c:	6e752067 			@ <UNDEFINED> instruction: 6e752067
}
 150:	6e676973 			@ <UNDEFINED> instruction: 6e676973
 154:	69206465 			@ <UNDEFINED> instruction: 69206465
void initSysTick() {
 158:	5300746e 			@ <UNDEFINED> instruction: 5300746e
    SYST_RVR->RELOAD = 0xFFFFFF;
 15c:	5f545359 			@ <UNDEFINED> instruction: 5f545359
 160:	5f525343 			@ <UNDEFINED> instruction: 5f525343
 164:	74730074 			@ <UNDEFINED> instruction: 74730074
    SYST_CSR->ENABLE = 1; 
 168:	006b6361 			@ <UNDEFINED> instruction: 006b6361
 16c:	6b736174 			@ <UNDEFINED> instruction: 6b736174
    SYST_CSR->TICKINT = 1;
 170:	74614432 			@ <UNDEFINED> instruction: 74614432
 174:	59530061 			@ <UNDEFINED> instruction: 59530061
 178:	525f5453 			@ <UNDEFINED> instruction: 525f5453
    SYST_CSR->CLKSOURCE = 1;
 17c:	745f5256 			@ <UNDEFINED> instruction: 745f5256
 180:	735f5f00 			@ <UNDEFINED> instruction: 735f5f00
}
 184:	00737362 			@ <UNDEFINED> instruction: 00737362
 188:	726f6873 			@ <UNDEFINED> instruction: 726f6873
 18c:	6e752074 			@ <UNDEFINED> instruction: 6e752074
 190:	6e676973 			@ <UNDEFINED> instruction: 6e676973
 194:	69206465 			@ <UNDEFINED> instruction: 69206465
void main() {
 198:	5200746e 			@ <UNDEFINED> instruction: 5200746e
 19c:	414f4c45 			@ <UNDEFINED> instruction: 414f4c45
    uint32_t *src = &__sidata;
 1a0:	4c430044 	mcrrmi	0, 4, r0, r3, cr4
    uint32_t *dst = &__sdata;
 1a4:	554f534b 			@ <UNDEFINED> instruction: 554f534b
    uint32_t srcs = __sidata;
 1a8:	00454352 			@ <UNDEFINED> instruction: 00454352
    while(dst < &__edata) {
 1ac:	73637273 			@ <UNDEFINED> instruction: 73637273
        *dst++ = *src++;
 1b0:	554f4300 			@ <UNDEFINED> instruction: 554f4300
 1b4:	4c46544e 	mcrrmi	4, 4, r5, r6, cr14
 1b8:	6d004741 			@ <UNDEFINED> instruction: 6d004741
 1bc:	2e6e6961 			@ <UNDEFINED> instruction: 2e6e6961
    while(dst < &__edata) {
 1c0:	5f5f0063 			@ <UNDEFINED> instruction: 5f5f0063
 1c4:	74616473 			@ <UNDEFINED> instruction: 74616473
    dst = &__sbss;
 1c8:	61740061 			@ <UNDEFINED> instruction: 61740061
        *dst++ = 0;
 1cc:	00316b73 			@ <UNDEFINED> instruction: 00316b73
 1d0:	6b736174 			@ <UNDEFINED> instruction: 6b736174
 1d4:	61740032 			@ <UNDEFINED> instruction: 61740032
    while(dst < &__ebss) {
 1d8:	00336b73 			@ <UNDEFINED> instruction: 00336b73
 1dc:	6b736174 			@ <UNDEFINED> instruction: 6b736174
    task1_TCB.sp = initTask(&task1Stack[64], task1);
 1e0:	61745332 			@ <UNDEFINED> instruction: 61745332
 1e4:	74006b63 			@ <UNDEFINED> instruction: 74006b63
 1e8:	326b7361 			@ <UNDEFINED> instruction: 326b7361
 1ec:	4243545f 			@ <UNDEFINED> instruction: 4243545f
    task1_TCB.next = &task2_TCB;
 1f0:	655f5f00 			@ <UNDEFINED> instruction: 655f5f00
 1f4:	61746164 			@ <UNDEFINED> instruction: 61746164
    task2_TCB.sp = initTask(&task2Stack[64], task2);
 1f8:	73617400 			@ <UNDEFINED> instruction: 73617400
 1fc:	6144316b 			@ <UNDEFINED> instruction: 6144316b
 200:	73006174 			@ <UNDEFINED> instruction: 73006174
 204:	64656863 			@ <UNDEFINED> instruction: 64656863
    task2_TCB.next = &task3_TCB;
 208:	72616c75 			@ <UNDEFINED> instruction: 72616c75
 20c:	72617453 			@ <UNDEFINED> instruction: 72617453
    task3_TCB.sp = initTask(&task3Stack[64], task3);
 210:	00646574 			@ <UNDEFINED> instruction: 00646574
 214:	6b736174 			@ <UNDEFINED> instruction: 6b736174
 218:	74614433 			@ <UNDEFINED> instruction: 74614433
 21c:	5f5f0061 			@ <UNDEFINED> instruction: 5f5f0061
    task3_TCB.next = &task1_TCB;
 220:	61646973 			@ <UNDEFINED> instruction: 61646973
 224:	45006174 			@ <UNDEFINED> instruction: 45006174
    head = &task3_TCB;
 228:	4c42414e 	mcrrmi	1, 4, r4, r2, cr14
    initSysTick();
 22c:	656e0045 			@ <UNDEFINED> instruction: 656e0045
    while(1);
 230:	5f007478 			@ <UNDEFINED> instruction: 5f007478
 234:	7362655f 			@ <UNDEFINED> instruction: 7362655f
 238:	79730073 			@ <UNDEFINED> instruction: 79730073
 23c:	63695473 			@ <UNDEFINED> instruction: 63695473
 240:	61685f6b 			@ <UNDEFINED> instruction: 61685f6b
 244:	656c646e 			@ <UNDEFINED> instruction: 656c646e
 248:	4d4e0072 			@ <UNDEFINED> instruction: 4d4e0072
 24c:	61685f49 			@ <UNDEFINED> instruction: 61685f49
 250:	656c646e 			@ <UNDEFINED> instruction: 656c646e
 254:	61680072 			@ <UNDEFINED> instruction: 61680072
 258:	61466472 			@ <UNDEFINED> instruction: 61466472
 25c:	5f746c75 			@ <UNDEFINED> instruction: 5f746c75
 260:	646e6168 			@ <UNDEFINED> instruction: 646e6168
 264:	0072656c 			@ <UNDEFINED> instruction: 0072656c
 268:	646e6570 			@ <UNDEFINED> instruction: 646e6570
 26c:	685f5653 			@ <UNDEFINED> instruction: 685f5653
void NMI_handler() {}
 270:	6c646e61 			@ <UNDEFINED> instruction: 6c646e61
 274:	53007265 			@ <UNDEFINED> instruction: 53007265
 278:	6c614356 			@ <UNDEFINED> instruction: 6c614356
void hardFault_handler() {}
 27c:	61685f6c 			@ <UNDEFINED> instruction: 61685f6c
 280:	656c646e 			@ <UNDEFINED> instruction: 656c646e
void SVCall_handler() {}
 284:	78650072 			@ <UNDEFINED> instruction: 78650072
 288:	74706563 			@ <UNDEFINED> instruction: 74706563
 28c:	736e6f69 			@ <UNDEFINED> instruction: 736e6f69
void sysTick_handler() {
 290:	7400632e 			@ <UNDEFINED> instruction: 7400632e
    ICSR = (1 << 28);
 294:	632e6263 			@ <UNDEFINED> instruction: 632e6263
	...

Disassembly of section .debug_frame:

00000000 <.debug_frame>:
   0:	0000000c 			@ <UNDEFINED> instruction: 0000000c
   4:	ffffffff 			@ <UNDEFINED> instruction: ffffffff
   8:	7c020001 			@ <UNDEFINED> instruction: 7c020001
   c:	000d0c0e 			@ <UNDEFINED> instruction: 000d0c0e
  10:	00000018 			@ <UNDEFINED> instruction: 00000018
  14:	00000000 			@ <UNDEFINED> instruction: 00000000
  18:	00000044 			@ <UNDEFINED> instruction: 00000044
  1c:	00000014 			@ <UNDEFINED> instruction: 00000014
  20:	87080e41 			@ <UNDEFINED> instruction: 87080e41
  24:	41018e02 			@ <UNDEFINED> instruction: 41018e02
  28:	0000070d 			@ <UNDEFINED> instruction: 0000070d
  2c:	00000018 			@ <UNDEFINED> instruction: 00000018
  30:	00000000 			@ <UNDEFINED> instruction: 00000000
  34:	00000058 			@ <UNDEFINED> instruction: 00000058
  38:	00000014 			@ <UNDEFINED> instruction: 00000014
  3c:	87080e41 			@ <UNDEFINED> instruction: 87080e41
  40:	41018e02 			@ <UNDEFINED> instruction: 41018e02
void task1() {
  44:	0000070d 			@ <UNDEFINED> instruction: 0000070d
        task1Data += 1;
  48:	00000018 			@ <UNDEFINED> instruction: 00000018
  4c:	00000000 			@ <UNDEFINED> instruction: 00000000
  50:	0000006c 			@ <UNDEFINED> instruction: 0000006c
  54:	00000014 			@ <UNDEFINED> instruction: 00000014
void task2() {
  58:	87080e41 			@ <UNDEFINED> instruction: 87080e41
        task2Data += 1;
  5c:	41018e02 			@ <UNDEFINED> instruction: 41018e02
  60:	0000070d 			@ <UNDEFINED> instruction: 0000070d
  64:	0000001c 			@ <UNDEFINED> instruction: 0000001c
  68:	00000000 			@ <UNDEFINED> instruction: 00000000
void task3() {
  6c:	00000080 			@ <UNDEFINED> instruction: 00000080
        task3Data += 1;
  70:	000000d8 	ldrdeq	r0, [r0], -r8
  74:	87080e41 			@ <UNDEFINED> instruction: 87080e41
  78:	41018e02 			@ <UNDEFINED> instruction: 41018e02
  7c:	0d41100e 			@ <UNDEFINED> instruction: 0d41100e
uint32_t* initTask(uint32_t* stack, void (*task)(void)) {
  80:	00000007 			@ <UNDEFINED> instruction: 00000007
  84:	00000018 			@ <UNDEFINED> instruction: 00000018
  88:	00000000 			@ <UNDEFINED> instruction: 00000000
    *(--stack) = 0x01000000; // xPSR ->Thumb mode bit set
  8c:	00000158 			@ <UNDEFINED> instruction: 00000158
  90:	00000040 			@ <UNDEFINED> instruction: 00000040
  94:	87080e41 			@ <UNDEFINED> instruction: 87080e41
    *(--stack) = (uint32_t)task; // PC
  98:	41018e02 			@ <UNDEFINED> instruction: 41018e02
  9c:	0000070d 			@ <UNDEFINED> instruction: 0000070d
  a0:	0000001c 			@ <UNDEFINED> instruction: 0000001c
    *(--stack) = 0xFFFFFFFD; // LR -> Use MSP on exit
  a4:	00000000 			@ <UNDEFINED> instruction: 00000000
  a8:	00000198 			@ <UNDEFINED> instruction: 00000198
  ac:	000000d8 	ldrdeq	r0, [r0], -r8
  b0:	87080e41 			@ <UNDEFINED> instruction: 87080e41
    *(--stack) = 0x12; // R12
  b4:	41018e02 			@ <UNDEFINED> instruction: 41018e02
  b8:	0d41180e 			@ <UNDEFINED> instruction: 0d41180e
  bc:	00000007 			@ <UNDEFINED> instruction: 00000007
    *(--stack) = 0x00; // R0
  c0:	0000000c 			@ <UNDEFINED> instruction: 0000000c
  c4:	ffffffff 			@ <UNDEFINED> instruction: ffffffff
  c8:	7c020001 			@ <UNDEFINED> instruction: 7c020001
    *(--stack) = 0x01; // R1
  cc:	000d0c0e 			@ <UNDEFINED> instruction: 000d0c0e
  d0:	00000018 			@ <UNDEFINED> instruction: 00000018
  d4:	000000c0 			@ <UNDEFINED> instruction: 000000c0
    *(--stack) = 0x02; // R2
  d8:	00000270 			@ <UNDEFINED> instruction: 00000270
  dc:	0000000a 			@ <UNDEFINED> instruction: 0000000a
  e0:	87080e41 			@ <UNDEFINED> instruction: 87080e41
    *(--stack) = 0x03; // R3
  e4:	41018e02 			@ <UNDEFINED> instruction: 41018e02
  e8:	0000070d 			@ <UNDEFINED> instruction: 0000070d
  ec:	00000018 			@ <UNDEFINED> instruction: 00000018
    *(--stack) = 0x08; // R8
  f0:	000000c0 			@ <UNDEFINED> instruction: 000000c0
  f4:	0000027a 			@ <UNDEFINED> instruction: 0000027a
  f8:	0000000a 			@ <UNDEFINED> instruction: 0000000a
    *(--stack) = 0x09; // R9
  fc:	87080e41 			@ <UNDEFINED> instruction: 87080e41
 100:	41018e02 			@ <UNDEFINED> instruction: 41018e02
 104:	0000070d 			@ <UNDEFINED> instruction: 0000070d
    *(--stack) = 0x10; // R10
 108:	00000018 			@ <UNDEFINED> instruction: 00000018
 10c:	000000c0 			@ <UNDEFINED> instruction: 000000c0
 110:	00000284 			@ <UNDEFINED> instruction: 00000284
    *(--stack) = 0x11; // R11
 114:	0000000a 			@ <UNDEFINED> instruction: 0000000a
 118:	87080e41 			@ <UNDEFINED> instruction: 87080e41
 11c:	41018e02 			@ <UNDEFINED> instruction: 41018e02
    *(--stack) = 0x04; // R4
 120:	0000070d 			@ <UNDEFINED> instruction: 0000070d
 124:	00000018 			@ <UNDEFINED> instruction: 00000018
 128:	000000c0 			@ <UNDEFINED> instruction: 000000c0
    *(--stack) = 0x05; // R5
 12c:	0000028e 			@ <UNDEFINED> instruction: 0000028e
 130:	00000016 			@ <UNDEFINED> instruction: 00000016
 134:	87080e41 			@ <UNDEFINED> instruction: 87080e41
    *(--stack) = 0x06; // R6
 138:	41018e02 			@ <UNDEFINED> instruction: 41018e02
 13c:	0000070d 			@ <UNDEFINED> instruction: 0000070d
 140:	0000000c 			@ <UNDEFINED> instruction: 0000000c
    *(--stack) = 0x07; // R7
 144:	000000c0 			@ <UNDEFINED> instruction: 000000c0
 148:	000002a4 			@ <UNDEFINED> instruction: 000002a4
 14c:	00000050 			@ <UNDEFINED> instruction: 00000050
